init_volume_names: vol<0> = <HDD0> 
Read metadata for /Music/library/08 내가 제일 잘 나가.mp3
Codec: calling entrypoint
Codec: entering run state
Read metadata for /Music/library/13 Hey Oh.mp3
Codec: cleaning up
Read metadata for /Music/library/08 내가 제일 잘 나가.mp3
Codec: calling entrypoint
Codec: entering run state
Codec: cleaning up
Read metadata for /Music/library/13 Hey Oh.mp3
Read metadata for /Music/library/08 내가 제일 잘 나가.mp3
Codec: calling entrypoint
Codec: entering run state
Read metadata for /Music/library/13 Hey Oh.mp3
Codec: entering run state
Read metadata for /Music/library/05 魔訶不思議アドベンチャー! (DJ Dr.Knob Remix).mp3
Codec: cleaning up
Read metadata for /Music/library/08 내가 제일 잘 나가.mp3
Codec: calling entrypoint
Codec: entering run state
Read metadata for /Music/library/13 Hey Oh.mp3
Codec: entering run state
Read metadata for /Music/library/05 魔訶不思議アドベンチャー! (DJ Dr.Knob Remix).mp3
Codec: entering run state
Rockbox compiled with SDL 2.32.8 but running on SDL 2.32.8
SDL Audio Drivers supported:
   coreaudio 
   disk 
   dummy (active)
SDL Audio Devices present:
  'System audio output device'
