Archive member included to satisfy reference by file (symbol)

/Users/gigass/DEVELOP/GitHub/CrazyPod/Rockbox-UI-UX-Overhaul/build-bootloader-ipod6g/firmware/libfirmware.a(memcpy.o)
                              /Users/gigass/DEVELOP/GitHub/CrazyPod/Rockbox-UI-UX-Overhaul/build-bootloader-ipod6g/bootloader/ipod-s5l87xx.o (memcpy)
/Users/gigass/DEVELOP/GitHub/CrazyPod/Rockbox-UI-UX-Overhaul/build-bootloader-ipod6g/firmware/libfirmware.a(strlen.o)
                              /Users/gigass/DEVELOP/GitHub/CrazyPod/Rockbox-UI-UX-Overhaul/build-bootloader-ipod6g/bootloader/format.o (strlen)
/Users/gigass/DEVELOP/GitHub/CrazyPod/Rockbox-UI-UX-Overhaul/build-bootloader-ipod6g/firmware/libfirmware.a(backlight.o)
                              /Users/gigass/DEVELOP/GitHub/CrazyPod/Rockbox-UI-UX-Overhaul/build-bootloader-ipod6g/bootloader/ipod-s5l87xx.o (backlight_init)
/Users/gigass/DEVELOP/GitHub/CrazyPod/Rockbox-UI-UX-Overhaul/build-bootloader-ipod6g/firmware/libfirmware.a(powermgmt.o)
                              /Users/gigass/DEVELOP/GitHub/CrazyPod/Rockbox-UI-UX-Overhaul/build-bootloader-ipod6g/bootloader/ipod-s5l87xx.o (powermgmt_init)
/Users/gigass/DEVELOP/GitHub/CrazyPod/Rockbox-UI-UX-Overhaul/build-bootloader-ipod6g/firmware/libfirmware.a(usb.o)
                              /Users/gigass/DEVELOP/GitHub/CrazyPod/Rockbox-UI-UX-Overhaul/build-bootloader-ipod6g/bootloader/ipod-s5l87xx.o (usb_start_monitoring)
/Users/gigass/DEVELOP/GitHub/CrazyPod/Rockbox-UI-UX-Overhaul/build-bootloader-ipod6g/firmware/libfirmware.a(rb-loader.o)
                              /Users/gigass/DEVELOP/GitHub/CrazyPod/Rockbox-UI-UX-Overhaul/build-bootloader-ipod6g/bootloader/ipod-s5l87xx.o (load_firmware)
/Users/gigass/DEVELOP/GitHub/CrazyPod/Rockbox-UI-UX-Overhaul/build-bootloader-ipod6g/firmware/libfirmware.a(panic.o)
                              /Users/gigass/DEVELOP/GitHub/CrazyPod/Rockbox-UI-UX-Overhaul/build-bootloader-ipod6g/firmware/libfirmware.a(usb.o) (panicf)
/Users/gigass/DEVELOP/GitHub/CrazyPod/Rockbox-UI-UX-Overhaul/build-bootloader-ipod6g/firmware/libfirmware.a(loader_strerror.o)
                              /Users/gigass/DEVELOP/GitHub/CrazyPod/Rockbox-UI-UX-Overhaul/build-bootloader-ipod6g/bootloader/common.o (loader_strerror)
/Users/gigass/DEVELOP/GitHub/CrazyPod/Rockbox-UI-UX-Overhaul/build-bootloader-ipod6g/firmware/libfirmware.a(file.o)
                              /Users/gigass/DEVELOP/GitHub/CrazyPod/Rockbox-UI-UX-Overhaul/build-bootloader-ipod6g/bootloader/common.o (close)
/Users/gigass/DEVELOP/GitHub/CrazyPod/Rockbox-UI-UX-Overhaul/build-bootloader-ipod6g/firmware/libfirmware.a(file_internal.o)
                              /Users/gigass/DEVELOP/GitHub/CrazyPod/Rockbox-UI-UX-Overhaul/build-bootloader-ipod6g/firmware/libfirmware.a(file.o) (filestr_alloc_cache)
/Users/gigass/DEVELOP/GitHub/CrazyPod/Rockbox-UI-UX-Overhaul/build-bootloader-ipod6g/firmware/libfirmware.a(disk.o)
                              /Users/gigass/DEVELOP/GitHub/CrazyPod/Rockbox-UI-UX-Overhaul/build-bootloader-ipod6g/bootloader/ipod-s5l87xx.o (disk_set_sector_multiplier)
/Users/gigass/DEVELOP/GitHub/CrazyPod/Rockbox-UI-UX-Overhaul/build-bootloader-ipod6g/firmware/libfirmware.a(fileobj_mgr.o)
                              /Users/gigass/DEVELOP/GitHub/CrazyPod/Rockbox-UI-UX-Overhaul/build-bootloader-ipod6g/firmware/libfirmware.a(file_internal.o) (fileobj_fileop_open)
/Users/gigass/DEVELOP/GitHub/CrazyPod/Rockbox-UI-UX-Overhaul/build-bootloader-ipod6g/firmware/libfirmware.a(pathfuncs.o)
                              /Users/gigass/DEVELOP/GitHub/CrazyPod/Rockbox-UI-UX-Overhaul/build-bootloader-ipod6g/firmware/libfirmware.a(file_internal.o) (parse_path_component)
/Users/gigass/DEVELOP/GitHub/CrazyPod/Rockbox-UI-UX-Overhaul/build-bootloader-ipod6g/firmware/libfirmware.a(linked_list.o)
                              /Users/gigass/DEVELOP/GitHub/CrazyPod/Rockbox-UI-UX-Overhaul/build-bootloader-ipod6g/firmware/libfirmware.a(fileobj_mgr.o) (ll_insert_last)
/Users/gigass/DEVELOP/GitHub/CrazyPod/Rockbox-UI-UX-Overhaul/build-bootloader-ipod6g/firmware/libfirmware.a(rb_namespace.o)
                              /Users/gigass/DEVELOP/GitHub/CrazyPod/Rockbox-UI-UX-Overhaul/build-bootloader-ipod6g/firmware/libfirmware.a(disk.o) (root_mount_path)
/Users/gigass/DEVELOP/GitHub/CrazyPod/Rockbox-UI-UX-Overhaul/build-bootloader-ipod6g/firmware/libfirmware.a(strcasecmp.o)
                              /Users/gigass/DEVELOP/GitHub/CrazyPod/Rockbox-UI-UX-Overhaul/build-bootloader-ipod6g/firmware/libfirmware.a(file_internal.o) (strcasecmp)
/Users/gigass/DEVELOP/GitHub/CrazyPod/Rockbox-UI-UX-Overhaul/build-bootloader-ipod6g/firmware/libfirmware.a(strlcpy.o)
                              /Users/gigass/DEVELOP/GitHub/CrazyPod/Rockbox-UI-UX-Overhaul/build-bootloader-ipod6g/firmware/libfirmware.a(pathfuncs.o) (strlcpy)
/Users/gigass/DEVELOP/GitHub/CrazyPod/Rockbox-UI-UX-Overhaul/build-bootloader-ipod6g/firmware/libfirmware.a(strmemccpy.o)
[...]
Memory Configuration

Name             Origin             Length             Attributes
DRAM             0x08000000         0x04000000
IRAM             0x22000000         0x00040000
VECT_AREA        0x00000000         0x00000400
MOVE_AREA        0x22020800         0x0001f800
BSS_AREA         0x08800000         0x037fc000
*default*        0x00000000         0xffffffff

Linker script and memory map

LOAD /Users/gigass/DEVELOP/GitHub/CrazyPod/Rockbox-UI-UX-Overhaul/build-bootloader-ipod6g/firmware/target/arm/s5l8702/crt0.o
LOAD /Users/gigass/DEVELOP/GitHub/CrazyPod/Rockbox-UI-UX-Overhaul/build-bootloader-ipod6g/bootloader/common.o
LOAD /Users/gigass/DEVELOP/GitHub/CrazyPod/Rockbox-UI-UX-Overhaul/build-bootloader-ipod6g/bootloader/format.o
LOAD /Users/gigass/DEVELOP/GitHub/CrazyPod/Rockbox-UI-UX-Overhaul/build-bootloader-ipod6g/bootloader/snprintf.o
LOAD /Users/gigass/DEVELOP/GitHub/CrazyPod/Rockbox-UI-UX-Overhaul/build-bootloader-ipod6g/bootloader/ipod-s5l87xx.o
LOAD /Users/gigass/DEVELOP/GitHub/CrazyPod/Rockbox-UI-UX-Overhaul/build-bootloader-ipod6g/firmware/libfirmware.a
LOAD /Users/gigass/DEVELOP/GitHub/CrazyPod/Rockbox-UI-UX-Overhaul/build-bootloader-ipod6g/firmware/libfirmware.a
LOAD /Users/gigass/DEVELOP/GitHub/CrazyPod/Rockbox-UI-UX-Overhaul/build-bootloader-ipod6g/lib/libarm_support.a
LOAD /Users/gigass/DEVELOP/GitHub/CrazyPod/Rockbox-UI-UX-Overhaul/build-bootloader-ipod6g/firmware/libfirmware.a
LOAD /Users/gigass/DEVELOP/GitHub/CrazyPod/Rockbox-UI-UX-Overhaul/build-bootloader-ipod6g/lib/libarm_support.a
LOAD /opt/homebrew/Cellar/arm-none-eabi-gcc/16.1.0/lib/gcc/arm-none-eabi/16.1.0/libgcc.a
                0x22020800                        _movestart = LOADADDR (.text)
                0x22036e60                        _moveend = (LOADADDR (.data) + SIZEOF (.data))

.text           0x22020800    0x12fb0
 *(.intvect)
 .intvect       0x22020800       0x94 /Users/gigass/DEVELOP/GitHub/CrazyPod/Rockbox-UI-UX-Overhaul/build-bootloader-ipod6g/firmware/target/arm/s5l8702/crt0.o
                0x22020800                start
                0x2202083c                _newstart
 *(.init.text)
 *fill*         0x22020894        0xc 
 .init.text     0x220208a0      0x110 /Users/gigass/DEVELOP/GitHub/CrazyPod/Rockbox-UI-UX-Overhaul/build-bootloader-ipod6g/firmware/target/arm/s5l8702/crt0.o
                0x220208a0                start_loc
                0x22020948                bss_init
 *(.text*)
 .text.reset_screen
                0x220209b0       0x1c /Users/gigass/DEVELOP/GitHub/CrazyPod/Rockbox-UI-UX-Overhaul/build-bootloader-ipod6g/bootloader/common.o
                0x220209b0                reset_screen
 .text.printf   0x220209cc       0x84 /Users/gigass/DEVELOP/GitHub/CrazyPod/Rockbox-UI-UX-Overhaul/build-bootloader-ipod6g/bootloader/common.o
                0x220209cc                printf
 .text.format   0x22020a50      0x3c4 /Users/gigass/DEVELOP/GitHub/CrazyPod/Rockbox-UI-UX-Overhaul/build-bootloader-ipod6g/bootloader/format.o
                0x22020a50                format
 .text.sprfunc  0x22020e14       0x3c /Users/gigass/DEVELOP/GitHub/CrazyPod/Rockbox-UI-UX-Overhaul/build-bootloader-ipod6g/bootloader/snprintf.o
 .text.vsnprintf
                0x22020e50       0x48 /Users/gigass/DEVELOP/GitHub/CrazyPod/Rockbox-UI-UX-Overhaul/build-bootloader-ipod6g/bootloader/snprintf.o
                0x22020e50                vsnprintf
 .text.snprintf
                0x22020e98       0x28 /Users/gigass/DEVELOP/GitHub/CrazyPod/Rockbox-UI-UX-Overhaul/build-bootloader-ipod6g/bootloader/snprintf.o
                0x22020e98                snprintf
 .text.usb_mode
                0x22020ec0      0x100 /Users/gigass/DEVELOP/GitHub/CrazyPod/Rockbox-UI-UX-Overhaul/build-bootloader-ipod6g/bootloader/ipod-s5l87xx.o
 .text.show_boot_logo_only
                0x22020fc0       0x6c /Users/gigass/DEVELOP/GitHub/CrazyPod/Rockbox-UI-UX-Overhaul/build-bootloader-ipod6g/bootloader/ipod-s5l87xx.o
 .text.launch_onb
                0x2202102c       0x70 /Users/gigass/DEVELOP/GitHub/CrazyPod/Rockbox-UI-UX-Overhaul/build-bootloader-ipod6g/bootloader/ipod-s5l87xx.o
 .text.kernel_launch_onb
                0x2202109c       0x28 /Users/gigass/DEVELOP/GitHub/CrazyPod/Rockbox-UI-UX-Overhaul/build-bootloader-ipod6g/bootloader/ipod-s5l87xx.o
 .text.fatal_error
                0x220210c4      0x108 /Users/gigass/DEVELOP/GitHub/CrazyPod/Rockbox-UI-UX-Overhaul/build-bootloader-ipod6g/bootloader/ipod-s5l87xx.o
                0x220210c4                fatal_error
 .text.startup.main
                0x220211cc      0x484 /Users/gigass/DEVELOP/GitHub/CrazyPod/Rockbox-UI-UX-Overhaul/build-bootloader-ipod6g/bootloader/ipod-s5l87xx.o
                0x220211cc                main
 .text.backlight_init
                0x22021650       0x10 /Users/gigass/DEVELOP/GitHub/CrazyPod/Rockbox-UI-UX-Overhaul/build-bootloader-ipod6g/firmware/libfirmware.a(backlight.o)
                0x22021650                backlight_init
 .text.backlight_on
                0x22021660        0x4 /Users/gigass/DEVELOP/GitHub/CrazyPod/Rockbox-UI-UX-Overhaul/build-bootloader-ipod6g/firmware/libfirmware.a(backlight.o)
                0x22021660                backlight_on
 .text.is_backlight_on
                0x22021664        0x8 /Users/gigass/DEVELOP/GitHub/CrazyPod/Rockbox-UI-UX-Overhaul/build-bootloader-ipod6g/firmware/libfirmware.a(backlight.o)
                0x22021664                is_backlight_on
 .text.buttonlight_on
                0x2202166c        0x4 /Users/gigass/DEVELOP/GitHub/CrazyPod/Rockbox-UI-UX-Overhaul/build-bootloader-ipod6g/firmware/libfirmware.a(backlight.o)
                0x2202166c                buttonlight_on
 .text.set_sleep_timer
                0x22021670       0x4c /Users/gigass/DEVELOP/GitHub/CrazyPod/Rockbox-UI-UX-Overhaul/build-bootloader-ipod6g/firmware/libfirmware.a(powermgmt.o)
 .text.collect_power_history
                0x220216bc       0x30 /Users/gigass/DEVELOP/GitHub/CrazyPod/Rockbox-UI-UX-Overhaul/build-bootloader-ipod6g/firmware/libfirmware.a(powermgmt.o)
 .text.voltage_to_percent
                0x220216ec       0x84 /Users/gigass/DEVELOP/GitHub/CrazyPod/Rockbox-UI-UX-Overhaul/build-bootloader-ipod6g/firmware/libfirmware.a(powermgmt.o)
 .text.voltage_to_battery_level
                0x22021770       0x4c /Users/gigass/DEVELOP/GitHub/CrazyPod/Rockbox-UI-UX-Overhaul/build-bootloader-ipod6g/firmware/libfirmware.a(powermgmt.o)
 .text.battery_status_update
                0x220217bc       0x64 /Users/gigass/DEVELOP/GitHub/CrazyPod/Rockbox-UI-UX-Overhaul/build-bootloader-ipod6g/firmware/libfirmware.a(powermgmt.o)
 .text.charger_inserted
                0x22021820       0x18 /Users/gigass/DEVELOP/GitHub/CrazyPod/Rockbox-UI-UX-Overhaul/build-bootloader-ipod6g/firmware/libfirmware.a(powermgmt.o)
                0x22021820                charger_inserted
 .text.power_input_present
                0x22021838       0x14 /Users/gigass/DEVELOP/GitHub/CrazyPod/Rockbox-UI-UX-Overhaul/build-bootloader-ipod6g/firmware/libfirmware.a(powermgmt.o)
                0x22021838                power_input_present
 .text.query_force_shutdown
                0x2202184c       0x40 /Users/gigass/DEVELOP/GitHub/CrazyPod/Rockbox-UI-UX-Overhaul/build-bootloader-ipod6g/firmware/libfirmware.a(powermgmt.o)
                0x2202184c                query_force_shutdown
 .text.power_thread
                0x2202188c      0x270 /Users/gigass/DEVELOP/GitHub/CrazyPod/Rockbox-UI-UX-Overhaul/build-bootloader-ipod6g/firmware/libfirmware.a(powermgmt.o)
 .text.powermgmt_init
                0x22021afc       0x3c /Users/gigass/DEVELOP/GitHub/CrazyPod/Rockbox-UI-UX-Overhaul/build-bootloader-ipod6g/firmware/libfirmware.a(powermgmt.o)
                0x22021afc                powermgmt_init
 .text.reset_poweroff_timer
                0x22021b38       0x44 /Users/gigass/DEVELOP/GitHub/CrazyPod/Rockbox-UI-UX-Overhaul/build-bootloader-ipod6g/firmware/libfirmware.a(powermgmt.o)
                0x22021b38                reset_poweroff_timer
 .text.sys_poweroff
                0x22021b7c        0x4 /Users/gigass/DEVELOP/GitHub/CrazyPod/Rockbox-UI-UX-Overhaul/build-bootloader-ipod6g/firmware/libfirmware.a(powermgmt.o)
                0x22021b7c                sys_poweroff
 .text.usb_tick
                0x22021b80       0x74 /Users/gigass/DEVELOP/GitHub/CrazyPod/Rockbox-UI-UX-Overhaul/build-bootloader-ipod6g/firmware/libfirmware.a(usb.o)
 .text.usb_thread
                0x22021bf4      0x1c8 /Users/gigass/DEVELOP/GitHub/CrazyPod/Rockbox-UI-UX-Overhaul/build-bootloader-ipod6g/firmware/libfirmware.a(usb.o)
 .text.usb_signal_transfer_completion
                0x22021dbc       0x14 /Users/gigass/DEVELOP/GitHub/CrazyPod/Rockbox-UI-UX-Overhaul/build-bootloader-ipod6g/firmware/libfirmware.a(usb.o)
                0x22021dbc                usb_signal_transfer_completion
 .text.usb_clear_pending_transfer_completion_events
                0x22021dd0        0x4 /Users/gigass/DEVELOP/GitHub/CrazyPod/Rockbox-UI-UX-Overhaul/build-bootloader-ipod6g/firmware/libfirmware.a(usb.o)
                0x22021dd0                usb_clear_pending_transfer_completion_events
 .text.usb_charger_update
                0x22021dd4       0x14 /Users/gigass/DEVELOP/GitHub/CrazyPod/Rockbox-UI-UX-Overhaul/build-bootloader-ipod6g/firmware/libfirmware.a(usb.o)
                0x22021dd4                usb_charger_update
 .text.usb_start_monitoring
                0x22021de8       0x14 /Users/gigass/DEVELOP/GitHub/CrazyPod/Rockbox-UI-UX-Overhaul/build-bootloader-ipod6g/firmware/libfirmware.a(usb.o)
                0x22021de8                usb_start_monitoring
 .text.usb_acknowledge
                0x22021dfc       0x14 /Users/gigass/DEVELOP/GitHub/CrazyPod/Rockbox-UI-UX-Overhaul/build-bootloader-ipod6g/firmware/libfirmware.a(usb.o)
                0x22021dfc                usb_acknowledge
 .text.usb_signal_notify
                0x22021e10        0x4 /Users/gigass/DEVELOP/GitHub/CrazyPod/Rockbox-UI-UX-Overhaul/build-bootloader-ipod6g/firmware/libfirmware.a(usb.o)
                0x22021e10                usb_signal_notify
 .text.usb_init
                0x22021e14       0x70 /Users/gigass/DEVELOP/GitHub/CrazyPod/Rockbox-UI-UX-Overhaul/build-bootloader-ipod6g/firmware/libfirmware.a(usb.o)
                0x22021e14                usb_init
 .text.usb_close
                0x22021e84       0x58 /Users/gigass/DEVELOP/GitHub/CrazyPod/Rockbox-UI-UX-Overhaul/build-bootloader-ipod6g/firmware/libfirmware.a(usb.o)
                0x22021e84                usb_close
 .text.usb_inserted
                0x22021edc       0x20 /Users/gigass/DEVELOP/GitHub/CrazyPod/Rockbox-UI-UX-Overhaul/build-bootloader-ipod6g/firmware/libfirmware.a(usb.o)
                0x22021edc                usb_inserted
 .text.usb_exclusive_storage
                0x22021efc       0x10 /Users/gigass/DEVELOP/GitHub/CrazyPod/Rockbox-UI-UX-Overhaul/build-bootloader-ipod6g/firmware/libfirmware.a(usb.o)
                0x22021efc                usb_exclusive_storage
 .text.usb_request_exclusive_storage
                0x22021f0c       0x44 /Users/gigass/DEVELOP/GitHub/CrazyPod/Rockbox-UI-UX-Overhaul/build-bootloader-ipod6g/firmware/libfirmware.a(usb.o)
                0x22021f0c                usb_request_exclusive_storage
 .text.usb_release_exclusive_storage
                0x22021f50       0x6c /Users/gigass/DEVELOP/GitHub/CrazyPod/Rockbox-UI-UX-Overhaul/build-bootloader-ipod6g/firmware/libfirmware.a(usb.o)
                0x22021f50                usb_release_exclusive_storage
 .text.load_firmware_filename
                0x22021fbc       0xd0 /Users/gigass/DEVELOP/GitHub/CrazyPod/Rockbox-UI-UX-Overhaul/build-bootloader-ipod6g/firmware/libfirmware.a(rb-loader.o)
 .text.load_firmware
                0x2202208c       0x88 /Users/gigass/DEVELOP/GitHub/CrazyPod/Rockbox-UI-UX-Overhaul/build-bootloader-ipod6g/firmware/libfirmware.a(rb-loader.o)
                0x2202208c                load_firmware
 .text.panicf   0x22022114        0xc /Users/gigass/DEVELOP/GitHub/CrazyPod/Rockbox-UI-UX-Overhaul/build-bootloader-ipod6g/firmware/libfirmware.a(panic.o)
                0x22022114                panicf
 .text.panicf_f
                0x22022120       0xd8 /Users/gigass/DEVELOP/GitHub/CrazyPod/Rockbox-UI-UX-Overhaul/build-bootloader-ipod6g/firmware/libfirmware.a(panic.o)
                0x22022120                panicf_f
 .text.loader_strerror
                0x220221f8       0x24 /Users/gigass/DEVELOP/GitHub/CrazyPod/Rockbox-UI-UX-Overhaul/build-bootloader-ipod6g/firmware/libfirmware.a(loader_strerror.o)
                0x220221f8                loader_strerror
 .text.file_internal_lock_WRITER
                0x2202221c        0xc /Users/gigass/DEVELOP/GitHub/CrazyPod/Rockbox-UI-UX-Overhaul/build-bootloader-ipod6g/firmware/libfirmware.a(file.o)
 .text.get_filestr
                0x22022228       0x4c /Users/gigass/DEVELOP/GitHub/CrazyPod/Rockbox-UI-UX-Overhaul/build-bootloader-ipod6g/firmware/libfirmware.a(file.o)
 .text.flush_cache
                0x22022274       0xb8 /Users/gigass/DEVELOP/GitHub/CrazyPod/Rockbox-UI-UX-Overhaul/build-bootloader-ipod6g/firmware/libfirmware.a(file.o)
 .text.file_internal_unlock_WRITER
                0x2202232c        0xc /Users/gigass/DEVELOP/GitHub/CrazyPod/Rockbox-UI-UX-Overhaul/build-bootloader-ipod6g/firmware/libfirmware.a(file.o)
 .text.file_internal_unlock_READER
                0x22022338        0xc /Users/gigass/DEVELOP/GitHub/CrazyPod/Rockbox-UI-UX-Overhaul/build-bootloader-ipod6g/firmware/libfirmware.a(file.o)
 .text.readwrite_partial
                0x22022344      0x160 /Users/gigass/DEVELOP/GitHub/CrazyPod/Rockbox-UI-UX-Overhaul/build-bootloader-ipod6g/firmware/libfirmware.a(file.o)
 .text.readwrite
                0x220224a4      0x3d8 /Users/gigass/DEVELOP/GitHub/CrazyPod/Rockbox-UI-UX-Overhaul/build-bootloader-ipod6g/firmware/libfirmware.a(file.o)
 .text.ftruncate_internal
                0x2202287c      0x22c /Users/gigass/DEVELOP/GitHub/CrazyPod/Rockbox-UI-UX-Overhaul/build-bootloader-ipod6g/firmware/libfirmware.a(file.o)
 .text.fsync_internal
                0x22022aa8      0x110 /Users/gigass/DEVELOP/GitHub/CrazyPod/Rockbox-UI-UX-Overhaul/build-bootloader-ipod6g/firmware/libfirmware.a(file.o)
 .text.close_internal
                0x22022bb8       0x64 /Users/gigass/DEVELOP/GitHub/CrazyPod/Rockbox-UI-UX-Overhaul/build-bootloader-ipod6g/firmware/libfirmware.a(file.o)
 .text.force_close_writer_internal
                0x22022c1c        0x4 /Users/gigass/DEVELOP/GitHub/CrazyPod/Rockbox-UI-UX-Overhaul/build-bootloader-ipod6g/firmware/libfirmware.a(file.o)
                0x22022c1c                force_close_writer_internal
 .text.close    0x22022c20       0x64 /Users/gigass/DEVELOP/GitHub/CrazyPod/Rockbox-UI-UX-Overhaul/build-bootloader-ipod6g/firmware/libfirmware.a(file.o)
                0x22022c20                close
 .text.open_internal_locked
                0x22022c84      0x260 /Users/gigass/DEVELOP/GitHub/CrazyPod/Rockbox-UI-UX-Overhaul/build-bootloader-ipod6g/firmware/libfirmware.a(file.o)
 .text.open     0x22022ee4        0x8 /Users/gigass/DEVELOP/GitHub/CrazyPod/Rockbox-UI-UX-Overhaul/build-bootloader-ipod6g/firmware/libfirmware.a(file.o)
                0x22022ee4                open
 .text.read     0x22022eec       0x94 /Users/gigass/DEVELOP/GitHub/CrazyPod/Rockbox-UI-UX-Overhaul/build-bootloader-ipod6g/firmware/libfirmware.a(file.o)
                0x22022eec                read
 .text.filesize
                0x22022f80       0x6c /Users/gigass/DEVELOP/GitHub/CrazyPod/Rockbox-UI-UX-Overhaul/build-bootloader-ipod6g/firmware/libfirmware.a(file.o)
                0x22022f80                filesize
 .text.walk_check_prefix
                0x22022fec       0x38 /Users/gigass/DEVELOP/GitHub/CrazyPod/Rockbox-UI-UX-Overhaul/build-bootloader-ipod6g/firmware/libfirmware.a(file_internal.o)
 .text.file_cache_init
                0x22023024       0x20 /Users/gigass/DEVELOP/GitHub/CrazyPod/Rockbox-UI-UX-Overhaul/build-bootloader-ipod6g/firmware/libfirmware.a(file_internal.o)
                0x22023024                file_cache_init
 .text.file_cache_reset
                0x22023044       0x18 /Users/gigass/DEVELOP/GitHub/CrazyPod/Rockbox-UI-UX-Overhaul/build-bootloader-ipod6g/firmware/libfirmware.a(file_internal.o)
                0x22023044                file_cache_reset
 .text.file_cache_alloc
                0x2202305c       0x30 /Users/gigass/DEVELOP/GitHub/CrazyPod/Rockbox-UI-UX-Overhaul/build-bootloader-ipod6g/firmware/libfirmware.a(file_internal.o)
                0x2202305c                file_cache_alloc
 .text.file_cache_free
                0x2202308c       0x3c /Users/gigass/DEVELOP/GitHub/CrazyPod/Rockbox-UI-UX-Overhaul/build-bootloader-ipod6g/firmware/libfirmware.a(file_internal.o)
                0x2202308c                file_cache_free
 .text.filestr_alloc_cache
                0x220230c8        0x8 /Users/gigass/DEVELOP/GitHub/CrazyPod/Rockbox-UI-UX-Overhaul/build-bootloader-ipod6g/firmware/libfirmware.a(file_internal.o)
                0x220230c8                filestr_alloc_cache
 .text.filestr_free_cache
                0x220230d0       0x18 /Users/gigass/DEVELOP/GitHub/CrazyPod/Rockbox-UI-UX-Overhaul/build-bootloader-ipod6g/firmware/libfirmware.a(file_internal.o)
                0x220230d0                filestr_free_cache
 .text.filestr_assign_cache
                0x220230e8       0x34 /Users/gigass/DEVELOP/GitHub/CrazyPod/Rockbox-UI-UX-Overhaul/build-bootloader-ipod6g/firmware/libfirmware.a(file_internal.o)
                0x220230e8                filestr_assign_cache
 .text.filestr_copy_cache
                0x2202311c       0x50 /Users/gigass/DEVELOP/GitHub/CrazyPod/Rockbox-UI-UX-Overhaul/build-bootloader-ipod6g/firmware/libfirmware.a(file_internal.o)
                0x2202311c                filestr_copy_cache
 .text.filestr_discard_cache
                0x2202316c       0x1c /Users/gigass/DEVELOP/GitHub/CrazyPod/Rockbox-UI-UX-Overhaul/build-bootloader-ipod6g/firmware/libfirmware.a(file_internal.o)
                0x2202316c                filestr_discard_cache
 .text.filestr_base_init
                0x22023188       0x34 /Users/gigass/DEVELOP/GitHub/CrazyPod/Rockbox-UI-UX-Overhaul/build-bootloader-ipod6g/firmware/libfirmware.a(file_internal.o)
                0x22023188                filestr_base_init
 .text.filestr_base_destroy
                0x220231bc       0x10 /Users/gigass/DEVELOP/GitHub/CrazyPod/Rockbox-UI-UX-Overhaul/build-bootloader-ipod6g/firmware/libfirmware.a(file_internal.o)
                0x220231bc                filestr_base_destroy
 .text.uncached_readdir_internal
                0x220231cc       0x3c /Users/gigass/DEVELOP/GitHub/CrazyPod/Rockbox-UI-UX-Overhaul/build-bootloader-ipod6g/firmware/libfirmware.a(file_internal.o)
                0x220231cc                uncached_readdir_internal
 .text.open_path_component
                0x22023208      0x114 /Users/gigass/DEVELOP/GitHub/CrazyPod/Rockbox-UI-UX-Overhaul/build-bootloader-ipod6g/firmware/libfirmware.a(file_internal.o)
 .text.walk_path.constprop.0
                0x2202331c      0x274 /Users/gigass/DEVELOP/GitHub/CrazyPod/Rockbox-UI-UX-Overhaul/build-bootloader-ipod6g/firmware/libfirmware.a(file_internal.o)
 .text.open_stream_internal
                0x22023590      0x11c /Users/gigass/DEVELOP/GitHub/CrazyPod/Rockbox-UI-UX-Overhaul/build-bootloader-ipod6g/firmware/libfirmware.a(file_internal.o)
                0x22023590                open_stream_internal
 .text.close_stream_internal
                0x220236ac       0x5c /Users/gigass/DEVELOP/GitHub/CrazyPod/Rockbox-UI-UX-Overhaul/build-bootloader-ipod6g/firmware/libfirmware.a(file_internal.o)
                0x220236ac                close_stream_internal
 .text.create_stream_internal
                0x22023708       0x90 /Users/gigass/DEVELOP/GitHub/CrazyPod/Rockbox-UI-UX-Overhaul/build-bootloader-ipod6g/firmware/libfirmware.a(file_internal.o)
                0x22023708                create_stream_internal
 .text.filesystem_init
                0x22023798       0x1c /Users/gigass/DEVELOP/GitHub/CrazyPod/Rockbox-UI-UX-Overhaul/build-bootloader-ipod6g/firmware/libfirmware.a(file_internal.o)
                0x22023798                filesystem_init
 .text.file_internal_lock_WRITER
                0x220237b4        0xc /Users/gigass/DEVELOP/GitHub/CrazyPod/Rockbox-UI-UX-Overhaul/build-bootloader-ipod6g/firmware/libfirmware.a(disk.o)
 .text.file_internal_unlock_WRITER
                0x220237c0        0xc /Users/gigass/DEVELOP/GitHub/CrazyPod/Rockbox-UI-UX-Overhaul/build-bootloader-ipod6g/firmware/libfirmware.a(disk.o)
 .text.volume_onmount_internal
                0x220237cc       0x24 /Users/gigass/DEVELOP/GitHub/CrazyPod/Rockbox-UI-UX-Overhaul/build-bootloader-ipod6g/firmware/libfirmware.a(disk.o)
 .text.disk_get_sector_multiplier
                0x220237f0       0x2c /Users/gigass/DEVELOP/GitHub/CrazyPod/Rockbox-UI-UX-Overhaul/build-bootloader-ipod6g/firmware/libfirmware.a(disk.o)
                0x220237f0                disk_get_sector_multiplier
 .text.disk_set_sector_multiplier
                0x2202381c       0x20 /Users/gigass/DEVELOP/GitHub/CrazyPod/Rockbox-UI-UX-Overhaul/build-bootloader-ipod6g/firmware/libfirmware.a(disk.o)
                0x2202381c                disk_set_sector_multiplier
 .text.disk_get_log_sector_size
                0x2202383c       0x2c /Users/gigass/DEVELOP/GitHub/CrazyPod/Rockbox-UI-UX-Overhaul/build-bootloader-ipod6g/firmware/libfirmware.a(disk.o)
                0x2202383c                disk_get_log_sector_size
 .text.disk_init
                0x22023868      0x530 /Users/gigass/DEVELOP/GitHub/CrazyPod/Rockbox-UI-UX-Overhaul/build-bootloader-ipod6g/firmware/libfirmware.a(disk.o)
                0x22023868                disk_init
 .text.disk_partinfo
                0x22023d98       0x6c /Users/gigass/DEVELOP/GitHub/CrazyPod/Rockbox-UI-UX-Overhaul/build-bootloader-ipod6g/firmware/libfirmware.a(disk.o)
                0x22023d98                disk_partinfo
 .text.disk_mount
                0x22023e04      0x1dc /Users/gigass/DEVELOP/GitHub/CrazyPod/Rockbox-UI-UX-Overhaul/build-bootloader-ipod6g/firmware/libfirmware.a(disk.o)
                0x22023e04                disk_mount
 .text.disk_mount_all
                0x22023fe0       0x40 /Users/gigass/DEVELOP/GitHub/CrazyPod/Rockbox-UI-UX-Overhaul/build-bootloader-ipod6g/firmware/libfirmware.a(disk.o)
                0x22023fe0                disk_mount_all
 .text.disk_unmount
                0x22024020       0x4c /Users/gigass/DEVELOP/GitHub/CrazyPod/Rockbox-UI-UX-Overhaul/build-bootloader-ipod6g/firmware/libfirmware.a(disk.o)
                0x22024020                disk_unmount
 .text.disk_unmount_all
                0x2202406c       0x28 /Users/gigass/DEVELOP/GitHub/CrazyPod/Rockbox-UI-UX-Overhaul/build-bootloader-ipod6g/firmware/libfirmware.a(disk.o)
                0x2202406c                disk_unmount_all
 .text.disk_present
                0x22024094       0x40 /Users/gigass/DEVELOP/GitHub/CrazyPod/Rockbox-UI-UX-Overhaul/build-bootloader-ipod6g/firmware/libfirmware.a(disk.o)
                0x22024094                disk_present
 .text.fileobj_sync_parent
                0x220240d4       0x80 /Users/gigass/DEVELOP/GitHub/CrazyPod/Rockbox-UI-UX-Overhaul/build-bootloader-ipod6g/firmware/libfirmware.a(fileobj_mgr.o)
 .text.file_binding_insert_last
                0x22024154       0x10 /Users/gigass/DEVELOP/GitHub/CrazyPod/Rockbox-UI-UX-Overhaul/build-bootloader-ipod6g/firmware/libfirmware.a(fileobj_mgr.o)
                0x22024154                file_binding_insert_last
 .text.bind_source_info
                0x22024164       0x84 /Users/gigass/DEVELOP/GitHub/CrazyPod/Rockbox-UI-UX-Overhaul/build-bootloader-ipod6g/firmware/libfirmware.a(fileobj_mgr.o)
 .text.file_binding_remove
                0x220241e8       0x10 /Users/gigass/DEVELOP/GitHub/CrazyPod/Rockbox-UI-UX-Overhaul/build-bootloader-ipod6g/firmware/libfirmware.a(fileobj_mgr.o)
                0x220241e8                file_binding_remove
 .text.fileobj_mount
                0x220241f8       0x48 /Users/gigass/DEVELOP/GitHub/CrazyPod/Rockbox-UI-UX-Overhaul/build-bootloader-ipod6g/firmware/libfirmware.a(fileobj_mgr.o)
                0x220241f8                fileobj_mount
 .text.fileobj_unmount
                0x22024240       0x48 /Users/gigass/DEVELOP/GitHub/CrazyPod/Rockbox-UI-UX-Overhaul/build-bootloader-ipod6g/firmware/libfirmware.a(fileobj_mgr.o)
                0x22024240                fileobj_unmount
 .text.fileobj_fileop_open
                0x22024288      0x13c /Users/gigass/DEVELOP/GitHub/CrazyPod/Rockbox-UI-UX-Overhaul/build-bootloader-ipod6g/firmware/libfirmware.a(fileobj_mgr.o)
                0x22024288                fileobj_fileop_open
 .text.fileobj_fileop_close
                0x220243c4       0xf0 /Users/gigass/DEVELOP/GitHub/CrazyPod/Rockbox-UI-UX-Overhaul/build-bootloader-ipod6g/firmware/libfirmware.a(fileobj_mgr.o)
                0x220243c4                fileobj_fileop_close
 .text.fileobj_fileop_create
                0x220244b4       0x28 /Users/gigass/DEVELOP/GitHub/CrazyPod/Rockbox-UI-UX-Overhaul/build-bootloader-ipod6g/firmware/libfirmware.a(fileobj_mgr.o)
                0x220244b4                fileobj_fileop_create
 .text.fileobj_fileop_sync
                0x220244dc       0x30 /Users/gigass/DEVELOP/GitHub/CrazyPod/Rockbox-UI-UX-Overhaul/build-bootloader-ipod6g/firmware/libfirmware.a(fileobj_mgr.o)
                0x220244dc                fileobj_fileop_sync
 .text.fileobj_get_sizep
                0x2202450c       0x10 /Users/gigass/DEVELOP/GitHub/CrazyPod/Rockbox-UI-UX-Overhaul/build-bootloader-ipod6g/firmware/libfirmware.a(fileobj_mgr.o)
                0x2202450c                fileobj_get_sizep
 .text.fileobj_get_next_stream
                0x2202451c       0x1c /Users/gigass/DEVELOP/GitHub/CrazyPod/Rockbox-UI-UX-Overhaul/build-bootloader-ipod6g/firmware/libfirmware.a(fileobj_mgr.o)
                0x2202451c                fileobj_get_next_stream
 .text.fileobj_get_flags
                0x22024538       0x10 /Users/gigass/DEVELOP/GitHub/CrazyPod/Rockbox-UI-UX-Overhaul/build-bootloader-ipod6g/firmware/libfirmware.a(fileobj_mgr.o)
                0x22024538                fileobj_get_flags
 .text.fileobj_change_flags
                0x22024548       0x28 /Users/gigass/DEVELOP/GitHub/CrazyPod/Rockbox-UI-UX-Overhaul/build-bootloader-ipod6g/firmware/libfirmware.a(fileobj_mgr.o)
                0x22024548                fileobj_change_flags
 .text.fileobj_mgr_unmount
                0x22024570       0x74 /Users/gigass/DEVELOP/GitHub/CrazyPod/Rockbox-UI-UX-Overhaul/build-bootloader-ipod6g/firmware/libfirmware.a(fileobj_mgr.o)
                0x22024570                fileobj_mgr_unmount
 .text.fileobj_mgr_init
                0x220245e4       0x70 /Users/gigass/DEVELOP/GitHub/CrazyPod/Rockbox-UI-UX-Overhaul/build-bootloader-ipod6g/firmware/libfirmware.a(fileobj_mgr.o)
                0x220245e4                fileobj_mgr_init
 .text.path_dirname
                0x22024654       0x94 /Users/gigass/DEVELOP/GitHub/CrazyPod/Rockbox-UI-UX-Overhaul/build-bootloader-ipod6g/firmware/libfirmware.a(pathfuncs.o)
                0x22024654                path_dirname
 .text.path_append_ex
                0x220246e8      0x1c0 /Users/gigass/DEVELOP/GitHub/CrazyPod/Rockbox-UI-UX-Overhaul/build-bootloader-ipod6g/firmware/libfirmware.a(pathfuncs.o)
                0x220246e8                path_append_ex
 .text.path_append
                0x220248a8       0x1c /Users/gigass/DEVELOP/GitHub/CrazyPod/Rockbox-UI-UX-Overhaul/build-bootloader-ipod6g/firmware/libfirmware.a(pathfuncs.o)
                0x220248a8                path_append
 .text.parse_path_component
                0x220248c4       0x60 /Users/gigass/DEVELOP/GitHub/CrazyPod/Rockbox-UI-UX-Overhaul/build-bootloader-ipod6g/firmware/libfirmware.a(pathfuncs.o)
                0x220248c4                parse_path_component
 .text.ll_insert_last
                0x22024924       0x20 /Users/gigass/DEVELOP/GitHub/CrazyPod/Rockbox-UI-UX-Overhaul/build-bootloader-ipod6g/firmware/libfirmware.a(linked_list.o)
                0x22024924                ll_insert_last
 .text.ll_remove_next
                0x22024944       0x30 /Users/gigass/DEVELOP/GitHub/CrazyPod/Rockbox-UI-UX-Overhaul/build-bootloader-ipod6g/firmware/libfirmware.a(linked_list.o)
                0x22024944                ll_remove_next
 .text.ll_remove_first
                0x22024974       0x18 /Users/gigass/DEVELOP/GitHub/CrazyPod/Rockbox-UI-UX-Overhaul/build-bootloader-ipod6g/firmware/libfirmware.a(linked_list.o)
                0x22024974                ll_remove_first
 .text.ll_remove
                0x2202498c       0x28 /Users/gigass/DEVELOP/GitHub/CrazyPod/Rockbox-UI-UX-Overhaul/build-bootloader-ipod6g/firmware/libfirmware.a(linked_list.o)
                0x2202498c                ll_remove
 .text.lld_insert_last
                0x220249b4       0x20 /Users/gigass/DEVELOP/GitHub/CrazyPod/Rockbox-UI-UX-Overhaul/build-bootloader-ipod6g/firmware/libfirmware.a(linked_list.o)
                0x220249b4                lld_insert_last
 .text.lld_remove
                0x220249d4       0x24 /Users/gigass/DEVELOP/GitHub/CrazyPod/Rockbox-UI-UX-Overhaul/build-bootloader-ipod6g/firmware/libfirmware.a(linked_list.o)
                0x220249d4                lld_remove
 .text.lldc_insert_first
                0x220249f8       0x2c /Users/gigass/DEVELOP/GitHub/CrazyPod/Rockbox-UI-UX-Overhaul/build-bootloader-ipod6g/firmware/libfirmware.a(linked_list.o)
                0x220249f8                lldc_insert_first
 .text.lldc_insert_last
                0x22024a24       0x2c /Users/gigass/DEVELOP/GitHub/CrazyPod/Rockbox-UI-UX-Overhaul/build-bootloader-ipod6g/firmware/libfirmware.a(linked_list.o)
                0x22024a24                lldc_insert_last
 .text.lldc_remove
                0x22024a50       0x38 /Users/gigass/DEVELOP/GitHub/CrazyPod/Rockbox-UI-UX-Overhaul/build-bootloader-ipod6g/firmware/libfirmware.a(linked_list.o)
                0x22024a50                lldc_remove
 .text.root_mount_path
                0x22024a88      0x154 /Users/gigass/DEVELOP/GitHub/CrazyPod/Rockbox-UI-UX-Overhaul/build-bootloader-ipod6g/firmware/libfirmware.a(rb_namespace.o)
                0x22024a88                root_mount_path
 .text.root_unmount_volume
                0x22024bdc       0x64 /Users/gigass/DEVELOP/GitHub/CrazyPod/Rockbox-UI-UX-Overhaul/build-bootloader-ipod6g/firmware/libfirmware.a(rb_namespace.o)
                0x22024bdc                root_unmount_volume
 .text.ns_parse_root
                0x22024c40       0x2c /Users/gigass/DEVELOP/GitHub/CrazyPod/Rockbox-UI-UX-Overhaul/build-bootloader-ipod6g/firmware/libfirmware.a(rb_namespace.o)
                0x22024c40                ns_parse_root
 .text.ns_open_root
                0x22024c6c       0x70 /Users/gigass/DEVELOP/GitHub/CrazyPod/Rockbox-UI-UX-Overhaul/build-bootloader-ipod6g/firmware/libfirmware.a(rb_namespace.o)
                0x22024c6c                ns_open_root
 .text.strcasecmp
                0x22024cdc       0x4c /Users/gigass/DEVELOP/GitHub/CrazyPod/Rockbox-UI-UX-Overhaul/build-bootloader-ipod6g/firmware/libfirmware.a(strcasecmp.o)
                0x22024cdc                strcasecmp
 .text.strlcpy  0x22024d28       0x38 /Users/gigass/DEVELOP/GitHub/CrazyPod/Rockbox-UI-UX-Overhaul/build-bootloader-ipod6g/firmware/libfirmware.a(strlcpy.o)
                0x22024d28                strlcpy
 .text.strmemccpy
                0x22024d60       0x3c /Users/gigass/DEVELOP/GitHub/CrazyPod/Rockbox-UI-UX-Overhaul/build-bootloader-ipod6g/firmware/libfirmware.a(strmemccpy.o)
                0x22024d60                strmemccpy
 .text.__errno  0x22024d9c       0x14 /Users/gigass/DEVELOP/GitHub/CrazyPod/Rockbox-UI-UX-Overhaul/build-bootloader-ipod6g/firmware/libfirmware.a(errno.o)
                0x22024d9c                __errno
 .text.memccpy  0x22024db0       0x30 /Users/gigass/DEVELOP/GitHub/CrazyPod/Rockbox-UI-UX-Overhaul/build-bootloader-ipod6g/firmware/libfirmware.a(memccpy.o)
                0x22024db0                memccpy
 .text.strchr   0x22024de0       0x34 /Users/gigass/DEVELOP/GitHub/CrazyPod/Rockbox-UI-UX-Overhaul/build-bootloader-ipod6g/firmware/libfirmware.a(strchr.o)
                0x22024de0                strchr
 .text.strcpy   0x22024e14       0x18 /Users/gigass/DEVELOP/GitHub/CrazyPod/Rockbox-UI-UX-Overhaul/build-bootloader-ipod6g/firmware/libfirmware.a(strcpy.o)
                0x22024e14                strcpy
 .text.font_init
                0x22024e2c        0x4 /Users/gigass/DEVELOP/GitHub/CrazyPod/Rockbox-UI-UX-Overhaul/build-bootloader-ipod6g/firmware/libfirmware.a(font.o)
                0x22024e2c                font_init
 .text.font_get
                0x22024e30        0xc /Users/gigass/DEVELOP/GitHub/CrazyPod/Rockbox-UI-UX-Overhaul/build-bootloader-ipod6g/firmware/libfirmware.a(font.o)
                0x22024e30                font_get
 .text.font_get_width
                0x22024e3c       0x3c /Users/gigass/DEVELOP/GitHub/CrazyPod/Rockbox-UI-UX-Overhaul/build-bootloader-ipod6g/firmware/libfirmware.a(font.o)
                0x22024e3c                font_get_width
 .text.font_get_bits
                0x22024e78       0x60 /Users/gigass/DEVELOP/GitHub/CrazyPod/Rockbox-UI-UX-Overhaul/build-bootloader-ipod6g/firmware/libfirmware.a(font.o)
                0x22024e78                font_get_bits
 .text.font_getstringnsize
                0x22024ed8       0xa4 /Users/gigass/DEVELOP/GitHub/CrazyPod/Rockbox-UI-UX-Overhaul/build-bootloader-ipod6g/firmware/libfirmware.a(font.o)
                0x22024ed8                font_getstringnsize
 .text.font_getstringsize
                0x22024f7c       0x20 /Users/gigass/DEVELOP/GitHub/CrazyPod/Rockbox-UI-UX-Overhaul/build-bootloader-ipod6g/firmware/libfirmware.a(font.o)
                0x22024f7c                font_getstringsize
 .text.lcd_frameaddress_default
                0x22024f9c       0x24 /Users/gigass/DEVELOP/GitHub/CrazyPod/Rockbox-UI-UX-Overhaul/build-bootloader-ipod6g/firmware/libfirmware.a(lcd-16bit.o)
 .text.clip_viewport_rect
                0x22024fc0       0xf8 /Users/gigass/DEVELOP/GitHub/CrazyPod/Rockbox-UI-UX-Overhaul/build-bootloader-ipod6g/firmware/libfirmware.a(lcd-16bit.o)
 .text.blend_two_colors
                0x220250b8       0x38 /Users/gigass/DEVELOP/GitHub/CrazyPod/Rockbox-UI-UX-Overhaul/build-bootloader-ipod6g/firmware/libfirmware.a(lcd-16bit.o)
 .text.lcd_putsxyofs
                0x220250f0      0x130 /Users/gigass/DEVELOP/GitHub/CrazyPod/Rockbox-UI-UX-Overhaul/build-bootloader-ipod6g/firmware/libfirmware.a(lcd-16bit.o)
 .text.lcd_set_foreground
                0x22025220       0x14 /Users/gigass/DEVELOP/GitHub/CrazyPod/Rockbox-UI-UX-Overhaul/build-bootloader-ipod6g/firmware/libfirmware.a(lcd-16bit.o)
                0x22025220                lcd_set_foreground
 .text.lcd_set_background
                0x22025234       0x14 /Users/gigass/DEVELOP/GitHub/CrazyPod/Rockbox-UI-UX-Overhaul/build-bootloader-ipod6g/firmware/libfirmware.a(lcd-16bit.o)
                0x22025234                lcd_set_background
 .text.lcd_set_backdrop
                0x22025248       0x80 /Users/gigass/DEVELOP/GitHub/CrazyPod/Rockbox-UI-UX-Overhaul/build-bootloader-ipod6g/firmware/libfirmware.a(lcd-16bit.o)
                0x22025248                lcd_set_backdrop
 .text.lcd_set_drawmode
                0x220252c8       0x18 /Users/gigass/DEVELOP/GitHub/CrazyPod/Rockbox-UI-UX-Overhaul/build-bootloader-ipod6g/firmware/libfirmware.a(lcd-16bit.o)
                0x220252c8                lcd_set_drawmode
 .text.lcd_setfont
                0x220252e0       0x14 /Users/gigass/DEVELOP/GitHub/CrazyPod/Rockbox-UI-UX-Overhaul/build-bootloader-ipod6g/firmware/libfirmware.a(lcd-16bit.o)
                0x220252e0                lcd_setfont
 .text.lcd_getstringsize
                0x220252f4       0x14 /Users/gigass/DEVELOP/GitHub/CrazyPod/Rockbox-UI-UX-Overhaul/build-bootloader-ipod6g/firmware/libfirmware.a(lcd-16bit.o)
                0x220252f4                lcd_getstringsize
 .text.lcd_set_drawinfo
                0x22025308       0x20 /Users/gigass/DEVELOP/GitHub/CrazyPod/Rockbox-UI-UX-Overhaul/build-bootloader-ipod6g/firmware/libfirmware.a(lcd-16bit.o)
                0x22025308                lcd_set_drawinfo
 .text.lcd_init_viewport
                0x22025328       0x78 /Users/gigass/DEVELOP/GitHub/CrazyPod/Rockbox-UI-UX-Overhaul/build-bootloader-ipod6g/firmware/libfirmware.a(lcd-16bit.o)
                0x22025328                lcd_init_viewport
 .text.lcd_set_viewport_ex
                0x220253a0       0x40 /Users/gigass/DEVELOP/GitHub/CrazyPod/Rockbox-UI-UX-Overhaul/build-bootloader-ipod6g/firmware/libfirmware.a(lcd-16bit.o)
                0x220253a0                lcd_set_viewport_ex
 .text.lcd_set_viewport
                0x220253e0        0x8 /Users/gigass/DEVELOP/GitHub/CrazyPod/Rockbox-UI-UX-Overhaul/build-bootloader-ipod6g/firmware/libfirmware.a(lcd-16bit.o)
                0x220253e0                lcd_set_viewport
 .text.lcd_puts
                0x220253e8       0x44 /Users/gigass/DEVELOP/GitHub/CrazyPod/Rockbox-UI-UX-Overhaul/build-bootloader-ipod6g/firmware/libfirmware.a(lcd-16bit.o)
                0x220253e8                lcd_puts
 .text.lcd_putsf
                0x2202542c       0x4c /Users/gigass/DEVELOP/GitHub/CrazyPod/Rockbox-UI-UX-Overhaul/build-bootloader-ipod6g/firmware/libfirmware.a(lcd-16bit.o)
                0x2202542c                lcd_putsf
 .text.lcd_clear_viewport
                0x22025478      0x108 /Users/gigass/DEVELOP/GitHub/CrazyPod/Rockbox-UI-UX-Overhaul/build-bootloader-ipod6g/firmware/libfirmware.a(lcd-16bit.o)
                0x22025478                lcd_clear_viewport
 .text.lcd_clear_display
                0x22025580       0x28 /Users/gigass/DEVELOP/GitHub/CrazyPod/Rockbox-UI-UX-Overhaul/build-bootloader-ipod6g/firmware/libfirmware.a(lcd-16bit.o)
                0x22025580                lcd_clear_display
 .text.lcd_init
                0x220255a8       0x1c /Users/gigass/DEVELOP/GitHub/CrazyPod/Rockbox-UI-UX-Overhaul/build-bootloader-ipod6g/firmware/libfirmware.a(lcd-16bit.o)
                0x220255a8                lcd_init
 .text.lcd_mono_bmp_part_helper
                0x220255c4        0x4 /Users/gigass/DEVELOP/GitHub/CrazyPod/Rockbox-UI-UX-Overhaul/build-bootloader-ipod6g/firmware/libfirmware.a(lcd-16bit.o)
 .text.is_diacritic
                0x220255c8       0x14 /Users/gigass/DEVELOP/GitHub/CrazyPod/Rockbox-UI-UX-Overhaul/build-bootloader-ipod6g/firmware/libfirmware.a(diacritic.o)
                0x220255c8                is_diacritic
 .text.crazypod_boot_logo_pixels
                0x220255dc       0x8c /Users/gigass/DEVELOP/GitHub/CrazyPod/Rockbox-UI-UX-Overhaul/build-bootloader-ipod6g/firmware/libfirmware.a(crazypod_boot_logo.o)
                0x220255dc                crazypod_boot_logo_pixels
 .text.crazypod_boot_logo_draw
                0x22025668       0x84 /Users/gigass/DEVELOP/GitHub/CrazyPod/Rockbox-UI-UX-Overhaul/build-bootloader-ipod6g/firmware/libfirmware.a(crazypod_boot_logo.o)
                0x22025668                crazypod_boot_logo_draw
 .text.filter_first_keypress_disabled
                0x220256ec       0x10 /Users/gigass/DEVELOP/GitHub/CrazyPod/Rockbox-UI-UX-Overhaul/build-bootloader-ipod6g/firmware/libfirmware.a(button.o)
 .text.hp_detect_callback
                0x220256fc       0x24 /Users/gigass/DEVELOP/GitHub/CrazyPod/Rockbox-UI-UX-Overhaul/build-bootloader-ipod6g/firmware/libfirmware.a(button.o)
 .text.button_read.isra.0
                0x22025720       0x30 /Users/gigass/DEVELOP/GitHub/CrazyPod/Rockbox-UI-UX-Overhaul/build-bootloader-ipod6g/firmware/libfirmware.a(button.o)
 .text.button_tick
                0x22025750      0x234 /Users/gigass/DEVELOP/GitHub/CrazyPod/Rockbox-UI-UX-Overhaul/build-bootloader-ipod6g/firmware/libfirmware.a(button.o)
 .text.button_init
                0x22025984       0x48 /Users/gigass/DEVELOP/GitHub/CrazyPod/Rockbox-UI-UX-Overhaul/build-bootloader-ipod6g/firmware/libfirmware.a(button.o)
                0x22025984                button_init
 .text.button_queue_post
                0x220259cc       0x14 /Users/gigass/DEVELOP/GitHub/CrazyPod/Rockbox-UI-UX-Overhaul/build-bootloader-ipod6g/firmware/libfirmware.a(button_queue.o)
                0x220259cc                button_queue_post
 .text.button_queue_post_remove_head
                0x220259e0       0x30 /Users/gigass/DEVELOP/GitHub/CrazyPod/Rockbox-UI-UX-Overhaul/build-bootloader-ipod6g/firmware/libfirmware.a(button_queue.o)
                0x220259e0                button_queue_post_remove_head
 .text.button_queue_try_post
                0x22025a10       0x4c /Users/gigass/DEVELOP/GitHub/CrazyPod/Rockbox-UI-UX-Overhaul/build-bootloader-ipod6g/firmware/libfirmware.a(button_queue.o)
                0x22025a10                button_queue_try_post
 .text.button_queue_replace_scroll
                0x22025a5c       0x78 /Users/gigass/DEVELOP/GitHub/CrazyPod/Rockbox-UI-UX-Overhaul/build-bootloader-ipod6g/firmware/libfirmware.a(button_queue.o)
                0x22025a5c                button_queue_replace_scroll
 .text.button_queue_empty
                0x22025ad4        0xc /Users/gigass/DEVELOP/GitHub/CrazyPod/Rockbox-UI-UX-Overhaul/build-bootloader-ipod6g/firmware/libfirmware.a(button_queue.o)
                0x22025ad4                button_queue_empty
 .text.button_get_w_tmo
                0x22025ae0       0x3c /Users/gigass/DEVELOP/GitHub/CrazyPod/Rockbox-UI-UX-Overhaul/build-bootloader-ipod6g/firmware/libfirmware.a(button_queue.o)
                0x22025ae0                button_get_w_tmo
 .text.button_get_data
                0x22025b1c       0x10 /Users/gigass/DEVELOP/GitHub/CrazyPod/Rockbox-UI-UX-Overhaul/build-bootloader-ipod6g/firmware/libfirmware.a(button_queue.o)
                0x22025b1c                button_get_data
 .text.button_queue_init
                0x22025b2c       0x10 /Users/gigass/DEVELOP/GitHub/CrazyPod/Rockbox-UI-UX-Overhaul/build-bootloader-ipod6g/firmware/libfirmware.a(button_queue.o)
                0x22025b2c                button_queue_init
 .text.storage_thread
                0x22025b3c       0xe4 /Users/gigass/DEVELOP/GitHub/CrazyPod/Rockbox-UI-UX-Overhaul/build-bootloader-ipod6g/firmware/libfirmware.a(storage.o)
 .text.storage_init
                0x22025c20       0x70 /Users/gigass/DEVELOP/GitHub/CrazyPod/Rockbox-UI-UX-Overhaul/build-bootloader-ipod6g/firmware/libfirmware.a(storage.o)
                0x22025c20                storage_init
 .text.storage_read_sectors
                0x22025c90        0x4 /Users/gigass/DEVELOP/GitHub/CrazyPod/Rockbox-UI-UX-Overhaul/build-bootloader-ipod6g/firmware/libfirmware.a(storage.o)
                0x22025c90                storage_read_sectors
 .text.storage_write_sectors
                0x22025c94        0x4 /Users/gigass/DEVELOP/GitHub/CrazyPod/Rockbox-UI-UX-Overhaul/build-bootloader-ipod6g/firmware/libfirmware.a(storage.o)
                0x22025c94                storage_write_sectors
 .text.ttb_init
                0x22025c98       0x18 /Users/gigass/DEVELOP/GitHub/CrazyPod/Rockbox-UI-UX-Overhaul/build-bootloader-ipod6g/firmware/libfirmware.a(mmu-arm.o)
                0x22025c98                ttb_init
 .text.map_section
                0x22025cb0       0x48 /Users/gigass/DEVELOP/GitHub/CrazyPod/Rockbox-UI-UX-Overhaul/build-bootloader-ipod6g/firmware/libfirmware.a(mmu-arm.o)
                0x22025cb0                map_section
 .text.enable_mmu
                0x22025cf8       0x34 /Users/gigass/DEVELOP/GitHub/CrazyPod/Rockbox-UI-UX-Overhaul/build-bootloader-ipod6g/firmware/libfirmware.a(mmu-arm.o)
                0x22025cf8                enable_mmu
 .text.commit_discard_dcache_range
                0x22025d2c       0x80 /Users/gigass/DEVELOP/GitHub/CrazyPod/Rockbox-UI-UX-Overhaul/build-bootloader-ipod6g/firmware/libfirmware.a(mmu-arm.o)
                0x22025d2c                commit_discard_dcache_range
 .text.commit_dcache_range
                0x22025dac       0x80 /Users/gigass/DEVELOP/GitHub/CrazyPod/Rockbox-UI-UX-Overhaul/build-bootloader-ipod6g/firmware/libfirmware.a(mmu-arm.o)
                0x22025dac                commit_dcache_range
 .text.discard_dcache_range
                0x22025e2c       0x9c /Users/gigass/DEVELOP/GitHub/CrazyPod/Rockbox-UI-UX-Overhaul/build-bootloader-ipod6g/firmware/libfirmware.a(mmu-arm.o)
                0x22025e2c                discard_dcache_range
 .text.commit_dcache
                0x22025ec8       0x14 /Users/gigass/DEVELOP/GitHub/CrazyPod/Rockbox-UI-UX-Overhaul/build-bootloader-ipod6g/firmware/libfirmware.a(mmu-arm.o)
                0x22025ec8                commit_dcache
 .text.data_abort_handler
                0x22025edc        0xc /Users/gigass/DEVELOP/GitHub/CrazyPod/Rockbox-UI-UX-Overhaul/build-bootloader-ipod6g/firmware/libfirmware.a(system-arm-classic.o)
                0x22025edc                data_abort_handler
 .text.software_int_handler
                0x22025ee8        0xc /Users/gigass/DEVELOP/GitHub/CrazyPod/Rockbox-UI-UX-Overhaul/build-bootloader-ipod6g/firmware/libfirmware.a(system-arm-classic.o)
                0x22025ee8                software_int_handler
 .text.reserved_handler
                0x22025ef4        0xc /Users/gigass/DEVELOP/GitHub/CrazyPod/Rockbox-UI-UX-Overhaul/build-bootloader-ipod6g/firmware/libfirmware.a(system-arm-classic.o)
                0x22025ef4                reserved_handler
 .text.prefetch_abort_handler
                0x22025f00        0xc /Users/gigass/DEVELOP/GitHub/CrazyPod/Rockbox-UI-UX-Overhaul/build-bootloader-ipod6g/firmware/libfirmware.a(system-arm-classic.o)
                0x22025f00                prefetch_abort_handler
 .text.undef_instr_handler
                0x22025f0c        0xc /Users/gigass/DEVELOP/GitHub/CrazyPod/Rockbox-UI-UX-Overhaul/build-bootloader-ipod6g/firmware/libfirmware.a(system-arm-classic.o)
                0x22025f0c                undef_instr_handler
 .text.UIE      0x22025f18       0xe8 /Users/gigass/DEVELOP/GitHub/CrazyPod/Rockbox-UI-UX-Overhaul/build-bootloader-ipod6g/firmware/libfirmware.a(system-arm-classic.o)
                0x22025f18                UIE
 .text.__div0   0x22026000       0x10 /Users/gigass/DEVELOP/GitHub/CrazyPod/Rockbox-UI-UX-Overhaul/build-bootloader-ipod6g/firmware/libfirmware.a(system-arm-classic.o)
                0x22026000                __div0
 .text.wait_rdy
                0x22026010       0x20 /Users/gigass/DEVELOP/GitHub/CrazyPod/Rockbox-UI-UX-Overhaul/build-bootloader-ipod6g/firmware/libfirmware.a(i2c-s5l8702.o)
 .text.i2c_wait_io
                0x22026030       0x50 /Users/gigass/DEVELOP/GitHub/CrazyPod/Rockbox-UI-UX-Overhaul/build-bootloader-ipod6g/firmware/libfirmware.a(i2c-s5l8702.o)
 .text.i2c_start
                0x22026080       0x74 /Users/gigass/DEVELOP/GitHub/CrazyPod/Rockbox-UI-UX-Overhaul/build-bootloader-ipod6g/firmware/libfirmware.a(i2c-s5l8702.o)
 .text.i2c_stop
                0x220260f4       0x40 /Users/gigass/DEVELOP/GitHub/CrazyPod/Rockbox-UI-UX-Overhaul/build-bootloader-ipod6g/firmware/libfirmware.a(i2c-s5l8702.o)
 .text.i2c_on   0x22026134       0x14 /Users/gigass/DEVELOP/GitHub/CrazyPod/Rockbox-UI-UX-Overhaul/build-bootloader-ipod6g/firmware/libfirmware.a(i2c-s5l8702.o)
 .text.i2c_off  0x22026148       0x38 /Users/gigass/DEVELOP/GitHub/CrazyPod/Rockbox-UI-UX-Overhaul/build-bootloader-ipod6g/firmware/libfirmware.a(i2c-s5l8702.o)
 .text.i2c_wr_internal
                0x22026180       0xe0 /Users/gigass/DEVELOP/GitHub/CrazyPod/Rockbox-UI-UX-Overhaul/build-bootloader-ipod6g/firmware/libfirmware.a(i2c-s5l8702.o)
 .text.i2c_init
                0x22026260       0x20 /Users/gigass/DEVELOP/GitHub/CrazyPod/Rockbox-UI-UX-Overhaul/build-bootloader-ipod6g/firmware/libfirmware.a(i2c-s5l8702.o)
                0x22026260                i2c_init
 .text.i2c_wr   0x22026280       0x4c /Users/gigass/DEVELOP/GitHub/CrazyPod/Rockbox-UI-UX-Overhaul/build-bootloader-ipod6g/firmware/libfirmware.a(i2c-s5l8702.o)
                0x22026280                i2c_wr
 .text.i2c_rd   0x220262cc       0xcc /Users/gigass/DEVELOP/GitHub/CrazyPod/Rockbox-UI-UX-Overhaul/build-bootloader-ipod6g/firmware/libfirmware.a(i2c-s5l8702.o)
                0x220262cc                i2c_rd
 .text.i2c_write
                0x22026398       0x60 /Users/gigass/DEVELOP/GitHub/CrazyPod/Rockbox-UI-UX-Overhaul/build-bootloader-ipod6g/firmware/libfirmware.a(i2c-s5l8702.o)
                0x22026398                i2c_write
 .text.i2c_read
                0x220263f8       0x60 /Users/gigass/DEVELOP/GitHub/CrazyPod/Rockbox-UI-UX-Overhaul/build-bootloader-ipod6g/firmware/libfirmware.a(i2c-s5l8702.o)
                0x220263f8                i2c_read
 .text.i2c_preinit
                0x22026458       0xb4 /Users/gigass/DEVELOP/GitHub/CrazyPod/Rockbox-UI-UX-Overhaul/build-bootloader-ipod6g/firmware/libfirmware.a(i2c-s5l8702.o)
                0x22026458                i2c_preinit
 .text.s5l_clickwheel_init
                0x2202650c       0x7c /Users/gigass/DEVELOP/GitHub/CrazyPod/Rockbox-UI-UX-Overhaul/build-bootloader-ipod6g/firmware/libfirmware.a(button-clickwheel.o)
 .text.INT_WHEEL
                0x22026588      0x3e4 /Users/gigass/DEVELOP/GitHub/CrazyPod/Rockbox-UI-UX-Overhaul/build-bootloader-ipod6g/firmware/libfirmware.a(button-clickwheel.o)
                0x22026588                INT_WHEEL
 .text.button_init_device
                0x2202696c       0x2c /Users/gigass/DEVELOP/GitHub/CrazyPod/Rockbox-UI-UX-Overhaul/build-bootloader-ipod6g/firmware/libfirmware.a(button-clickwheel.o)
                0x2202696c                button_init_device
 .text.button_hold
                0x22026998       0x14 /Users/gigass/DEVELOP/GitHub/CrazyPod/Rockbox-UI-UX-Overhaul/build-bootloader-ipod6g/firmware/libfirmware.a(button-clickwheel.o)
                0x22026998                button_hold
 .text.headphones_inserted
                0x220269ac       0x18 /Users/gigass/DEVELOP/GitHub/CrazyPod/Rockbox-UI-UX-Overhaul/build-bootloader-ipod6g/firmware/libfirmware.a(button-clickwheel.o)
                0x220269ac                headphones_inserted
 .text.button_read_device
                0x220269c4       0x78 /Users/gigass/DEVELOP/GitHub/CrazyPod/Rockbox-UI-UX-Overhaul/build-bootloader-ipod6g/firmware/libfirmware.a(button-clickwheel.o)
                0x220269c4                button_read_device
 .text.UIRQ     0x22026a3c       0x1c /Users/gigass/DEVELOP/GitHub/CrazyPod/Rockbox-UI-UX-Overhaul/build-bootloader-ipod6g/firmware/libfirmware.a(system-s5l8702.o)
                0x22026a3c                INT_EXT5
                0x22026a3c                INT_IRQ9
                0x22026a3c                INT_IRQ10
                0x22026a3c                INT_IRQ40
                0x22026a3c                INT_IRQ56
                0x22026a3c                INT_IRQ49
                0x22026a3c                INT_IRQ11
                0x22026a3c                INT_IRQ59
                0x22026a3c                INT_IRQ41
                0x22026a3c                INT_IRQ6
                0x22026a3c                INT_IRQ52
                0x22026a3c                INT_IRQ45
                0x22026a3c                INT_UART3
                0x22026a3c                INT_IRQ18
                0x22026a3c                INT_TIMERG
                0x22026a3c                INT_IRQ46
                0x22026a3c                INT_IRQ42
                0x22026a3c                INT_IRQ20
                0x22026a3c                INT_IRQ5
                0x22026a3c                INT_UART0
                0x22026a3c                INT_UART1
                0x22026a3c                INT_IRQ15
                0x22026a3c                INT_IRQ28
                0x22026a3c                INT_IRQ63
                0x22026a3c                INT_IRQ47
                0x22026a3c                INT_IRQ38
                0x22026a3c                INT_IRQ58
                0x22026a3c                INT_IRQ60
                0x22026a3c                INT_IRQ48
                0x22026a3c                INT_IRQ22
                0x22026a3c                INT_IRQ37
                0x22026a3c                INT_TIMERD
                0x22026a3c                INT_UART2
                0x22026a3c                INT_IRQ30
                0x22026a3c                INT_IRQ50
                0x22026a3c                INT_IRQ36
                0x22026a3c                INT_IRQ61
                0x22026a3c                INT_IRQ53
                0x22026a3c                INT_TIMERH
                0x22026a3c                INT_EXT4
                0x22026a3c                INT_TIMERE
                0x22026a3c                INT_IRQ13
                0x22026a3c                INT_IRQ51
                0x22026a3c                INT_IRQ34
                0x22026a3c                INT_IRQ14
                0x22026a3c                INT_IRQ43
                0x22026a3c                INT_IRQ39
                0x22026a3c                INT_IRQ21
                0x22026a3c                INT_IRQ54
                0x22026a3c                INT_IRQ62
                0x22026a3c                INT_TIMERA
                0x22026a3c                INT_IRQ35
                0x22026a3c                INT_IRQ55
                0x22026a3c                INT_IRQ12
                0x22026a3c                INT_IRQ57
                0x22026a3c                INT_TIMERC
                0x22026a3c                INT_IRQ4
                0x22026a3c                INT_TIMERF
 .text.irq_handler
                0x22026a58       0xac /Users/gigass/DEVELOP/GitHub/CrazyPod/Rockbox-UI-UX-Overhaul/build-bootloader-ipod6g/firmware/libfirmware.a(system-s5l8702.o)
                0x22026a58                irq_handler
 .text.fiq_dummy
                0x22026b04        0x8 /Users/gigass/DEVELOP/GitHub/CrazyPod/Rockbox-UI-UX-Overhaul/build-bootloader-ipod6g/firmware/libfirmware.a(system-s5l8702.o)
                0x22026b04                fiq_handler
                0x22026b04                fiq_dummy
 .text.system_init
                0x22026b0c       0x80 /Users/gigass/DEVELOP/GitHub/CrazyPod/Rockbox-UI-UX-Overhaul/build-bootloader-ipod6g/firmware/libfirmware.a(system-s5l8702.o)
                0x22026b0c                system_init
 .text.system_reboot
                0x22026b8c       0x14 /Users/gigass/DEVELOP/GitHub/CrazyPod/Rockbox-UI-UX-Overhaul/build-bootloader-ipod6g/firmware/libfirmware.a(system-s5l8702.o)
                0x22026b8c                system_reboot
 .text.system_exception_wait
                0x22026ba0        0x4 /Users/gigass/DEVELOP/GitHub/CrazyPod/Rockbox-UI-UX-Overhaul/build-bootloader-ipod6g/firmware/libfirmware.a(system-s5l8702.o)
                0x22026ba0                system_exception_wait
 .text.memory_init
                0x22026ba4       0x4c /Users/gigass/DEVELOP/GitHub/CrazyPod/Rockbox-UI-UX-Overhaul/build-bootloader-ipod6g/firmware/libfirmware.a(system-s5l8702.o)
                0x22026ba4                memory_init
 .text.system_preinit
                0x22026bf0      0x32c /Users/gigass/DEVELOP/GitHub/CrazyPod/Rockbox-UI-UX-Overhaul/build-bootloader-ipod6g/firmware/libfirmware.a(system-s5l8702.o)
                0x22026bf0                system_preinit
 .text.gpio_preinit
                0x22026f1c       0x3c /Users/gigass/DEVELOP/GitHub/CrazyPod/Rockbox-UI-UX-Overhaul/build-bootloader-ipod6g/firmware/libfirmware.a(gpio-s5l8702.o)
                0x22026f1c                gpio_preinit
 .text.gpio_init
                0x22026f58       0x84 /Users/gigass/DEVELOP/GitHub/CrazyPod/Rockbox-UI-UX-Overhaul/build-bootloader-ipod6g/firmware/libfirmware.a(gpio-s5l8702.o)
                0x22026f58                gpio_init
 .text.eint_init
                0x22026fdc       0x38 /Users/gigass/DEVELOP/GitHub/CrazyPod/Rockbox-UI-UX-Overhaul/build-bootloader-ipod6g/firmware/libfirmware.a(gpio-s5l8702.o)
                0x22026fdc                eint_init
 .text.eint_register
                0x22027014       0xe0 /Users/gigass/DEVELOP/GitHub/CrazyPod/Rockbox-UI-UX-Overhaul/build-bootloader-ipod6g/firmware/libfirmware.a(gpio-s5l8702.o)
                0x22027014                eint_register
 .text.eint_unregister
                0x220270f4       0x7c /Users/gigass/DEVELOP/GitHub/CrazyPod/Rockbox-UI-UX-Overhaul/build-bootloader-ipod6g/firmware/libfirmware.a(gpio-s5l8702.o)
                0x220270f4                eint_unregister
 .text.dma_init_ctrl
                0x22027170       0x50 /Users/gigass/DEVELOP/GitHub/CrazyPod/Rockbox-UI-UX-Overhaul/build-bootloader-ipod6g/firmware/libfirmware.a(dma-s5l8702.o)
                0x22027170                dma_init_ctrl
 .text.dma_init
                0x220271c0       0x38 /Users/gigass/DEVELOP/GitHub/CrazyPod/Rockbox-UI-UX-Overhaul/build-bootloader-ipod6g/firmware/libfirmware.a(dma-s5l8702.o)
                0x220271c0                dma_init
 .text.soc_set_system_divs
                0x220271f8       0x84 /Users/gigass/DEVELOP/GitHub/CrazyPod/Rockbox-UI-UX-Overhaul/build-bootloader-ipod6g/firmware/libfirmware.a(clocking-s5l8702.o)
                0x220271f8                soc_set_system_divs
 .text.soc_set_hsdiv
                0x2202727c       0x14 /Users/gigass/DEVELOP/GitHub/CrazyPod/Rockbox-UI-UX-Overhaul/build-bootloader-ipod6g/firmware/libfirmware.a(clocking-s5l8702.o)
                0x2202727c                soc_set_hsdiv
 .text.clocking_init
                0x22027290       0x44 /Users/gigass/DEVELOP/GitHub/CrazyPod/Rockbox-UI-UX-Overhaul/build-bootloader-ipod6g/firmware/libfirmware.a(clocking-s5l8702.o)
                0x22027290                clocking_init
 .text.clockgate_enable
                0x220272d4       0xd0 /Users/gigass/DEVELOP/GitHub/CrazyPod/Rockbox-UI-UX-Overhaul/build-bootloader-ipod6g/firmware/libfirmware.a(clocking-s5l8702.o)
                0x220272d4                clockgate_enable
 .text.pll_config
                0x220273a4      0x108 /Users/gigass/DEVELOP/GitHub/CrazyPod/Rockbox-UI-UX-Overhaul/build-bootloader-ipod6g/firmware/libfirmware.a(clocking-s5l8702.o)
                0x220273a4                pll_config
 .text.pll_onoff
                0x220274ac       0x9c /Users/gigass/DEVELOP/GitHub/CrazyPod/Rockbox-UI-UX-Overhaul/build-bootloader-ipod6g/firmware/libfirmware.a(clocking-s5l8702.o)
                0x220274ac                pll_onoff
 .text.cg16_config
                0x22027548       0x70 /Users/gigass/DEVELOP/GitHub/CrazyPod/Rockbox-UI-UX-Overhaul/build-bootloader-ipod6g/firmware/libfirmware.a(clocking-s5l8702.o)
                0x22027548                cg16_config
 .text.usec_timer_init
                0x220275b8       0x74 /Users/gigass/DEVELOP/GitHub/CrazyPod/Rockbox-UI-UX-Overhaul/build-bootloader-ipod6g/firmware/libfirmware.a(clocking-s5l8702.o)
                0x220275b8                usec_timer_init
 .text.udelay   0x2202762c       0x20 /Users/gigass/DEVELOP/GitHub/CrazyPod/Rockbox-UI-UX-Overhaul/build-bootloader-ipod6g/firmware/libfirmware.a(usb-s5l8702.o)
 .text.usb_dw_target_enable_clocks
                0x2202764c       0x74 /Users/gigass/DEVELOP/GitHub/CrazyPod/Rockbox-UI-UX-Overhaul/build-bootloader-ipod6g/firmware/libfirmware.a(usb-s5l8702.o)
                0x2202764c                usb_dw_target_enable_clocks
 .text.usb_dw_target_disable_clocks
                0x220276c0       0x44 /Users/gigass/DEVELOP/GitHub/CrazyPod/Rockbox-UI-UX-Overhaul/build-bootloader-ipod6g/firmware/libfirmware.a(usb-s5l8702.o)
                0x220276c0                usb_dw_target_disable_clocks
 .text.usb_dw_target_enable_irq
                0x22027704       0x14 /Users/gigass/DEVELOP/GitHub/CrazyPod/Rockbox-UI-UX-Overhaul/build-bootloader-ipod6g/firmware/libfirmware.a(usb-s5l8702.o)
                0x22027704                usb_dw_target_enable_irq
 .text.usb_dw_target_disable_irq
                0x22027718       0x14 /Users/gigass/DEVELOP/GitHub/CrazyPod/Rockbox-UI-UX-Overhaul/build-bootloader-ipod6g/firmware/libfirmware.a(usb-s5l8702.o)
                0x22027718                usb_dw_target_disable_irq
 .text.usb_dw_target_clear_irq
                0x2202772c        0x4 /Users/gigass/DEVELOP/GitHub/CrazyPod/Rockbox-UI-UX-Overhaul/build-bootloader-ipod6g/firmware/libfirmware.a(usb-s5l8702.o)
                0x2202772c                usb_dw_target_clear_irq
 .text.usb_enable
                0x22027730       0x10 /Users/gigass/DEVELOP/GitHub/CrazyPod/Rockbox-UI-UX-Overhaul/build-bootloader-ipod6g/firmware/libfirmware.a(usb-s5l8702.o)
                0x22027730                usb_enable
 .text.usb_detect
                0x22027740       0x10 /Users/gigass/DEVELOP/GitHub/CrazyPod/Rockbox-UI-UX-Overhaul/build-bootloader-ipod6g/firmware/libfirmware.a(usb-s5l8702.o)
                0x22027740                usb_detect
 .text.usb_insert_int
                0x22027750       0x14 /Users/gigass/DEVELOP/GitHub/CrazyPod/Rockbox-UI-UX-Overhaul/build-bootloader-ipod6g/firmware/libfirmware.a(usb-s5l8702.o)
                0x22027750                usb_insert_int
 .text.usb_remove_int
                0x22027764       0x14 /Users/gigass/DEVELOP/GitHub/CrazyPod/Rockbox-UI-UX-Overhaul/build-bootloader-ipod6g/firmware/libfirmware.a(usb-s5l8702.o)
                0x22027764                usb_remove_int
 .text.usb_init_device
                0x22027778       0x20 /Users/gigass/DEVELOP/GitHub/CrazyPod/Rockbox-UI-UX-Overhaul/build-bootloader-ipod6g/firmware/libfirmware.a(usb-s5l8702.o)
                0x22027778                usb_init_device
 .text.spi_wait_ready
                0x22027798       0x38 /Users/gigass/DEVELOP/GitHub/CrazyPod/Rockbox-UI-UX-Overhaul/build-bootloader-ipod6g/firmware/libfirmware.a(spi-s5l8702.o)
 .text.spi_clkdiv
                0x220277d0       0x10 /Users/gigass/DEVELOP/GitHub/CrazyPod/Rockbox-UI-UX-Overhaul/build-bootloader-ipod6g/firmware/libfirmware.a(spi-s5l8702.o)
                0x220277d0                spi_clkdiv
 .text.spi_init
                0x220277e0       0x90 /Users/gigass/DEVELOP/GitHub/CrazyPod/Rockbox-UI-UX-Overhaul/build-bootloader-ipod6g/firmware/libfirmware.a(spi-s5l8702.o)
                0x220277e0                spi_init
 .text.spi_ce   0x22027870       0x50 /Users/gigass/DEVELOP/GitHub/CrazyPod/Rockbox-UI-UX-Overhaul/build-bootloader-ipod6g/firmware/libfirmware.a(spi-s5l8702.o)
                0x22027870                spi_ce
 .text.spi_prepare
                0x220278c0       0xe0 /Users/gigass/DEVELOP/GitHub/CrazyPod/Rockbox-UI-UX-Overhaul/build-bootloader-ipod6g/firmware/libfirmware.a(spi-s5l8702.o)
                0x220278c0                spi_prepare
 .text.spi_release
                0x220279a0       0x20 /Users/gigass/DEVELOP/GitHub/CrazyPod/Rockbox-UI-UX-Overhaul/build-bootloader-ipod6g/firmware/libfirmware.a(spi-s5l8702.o)
                0x220279a0                spi_release
 .text.spi_write
                0x220279c0       0xcc /Users/gigass/DEVELOP/GitHub/CrazyPod/Rockbox-UI-UX-Overhaul/build-bootloader-ipod6g/firmware/libfirmware.a(spi-s5l8702.o)
                0x220279c0                spi_write
 .text.spi_read
                0x22027a8c       0xec /Users/gigass/DEVELOP/GitHub/CrazyPod/Rockbox-UI-UX-Overhaul/build-bootloader-ipod6g/firmware/libfirmware.a(spi-s5l8702.o)
                0x22027a8c                spi_read
 .text.get_uint32le
                0x22027b78       0x20 /Users/gigass/DEVELOP/GitHub/CrazyPod/Rockbox-UI-UX-Overhaul/build-bootloader-ipod6g/firmware/libfirmware.a(norboot-s5l8702.o)
 .text.bootflash_wait_ready
                0x22027b98       0x50 /Users/gigass/DEVELOP/GitHub/CrazyPod/Rockbox-UI-UX-Overhaul/build-bootloader-ipod6g/firmware/libfirmware.a(norboot-s5l8702.o)
 .text.bootflash_init
                0x22027be8       0x20 /Users/gigass/DEVELOP/GitHub/CrazyPod/Rockbox-UI-UX-Overhaul/build-bootloader-ipod6g/firmware/libfirmware.a(norboot-s5l8702.o)
                0x22027be8                bootflash_init
 .text.bootflash_close
                0x22027c08        0x8 /Users/gigass/DEVELOP/GitHub/CrazyPod/Rockbox-UI-UX-Overhaul/build-bootloader-ipod6g/firmware/libfirmware.a(norboot-s5l8702.o)
                0x22027c08                bootflash_close
 .text.bootflash_read
                0x22027c10       0x8c /Users/gigass/DEVELOP/GitHub/CrazyPod/Rockbox-UI-UX-Overhaul/build-bootloader-ipod6g/firmware/libfirmware.a(norboot-s5l8702.o)
                0x22027c10                bootflash_read
 .text.syscfg_read
                0x22027c9c       0xa0 /Users/gigass/DEVELOP/GitHub/CrazyPod/Rockbox-UI-UX-Overhaul/build-bootloader-ipod6g/firmware/libfirmware.a(norboot-s5l8702.o)
                0x22027c9c                syscfg_read
 .text.im3_nor_sz
                0x22027d3c       0x20 /Users/gigass/DEVELOP/GitHub/CrazyPod/Rockbox-UI-UX-Overhaul/build-bootloader-ipod6g/firmware/libfirmware.a(norboot-s5l8702.o)
                0x22027d3c                im3_nor_sz
 .text.im3_read
                0x22027d5c      0x148 /Users/gigass/DEVELOP/GitHub/CrazyPod/Rockbox-UI-UX-Overhaul/build-bootloader-ipod6g/firmware/libfirmware.a(norboot-s5l8702.o)
                0x22027d5c                im3_read
 .text.udelay   0x22027ea4       0x20 /Users/gigass/DEVELOP/GitHub/CrazyPod/Rockbox-UI-UX-Overhaul/build-bootloader-ipod6g/firmware/libfirmware.a(lcd-s5l8702.o)
 .text.s5l_lcd_run_seq16
                0x22027ec4       0xa0 /Users/gigass/DEVELOP/GitHub/CrazyPod/Rockbox-UI-UX-Overhaul/build-bootloader-ipod6g/firmware/libfirmware.a(lcd-s5l8702.o)
 .text.s5l_lcd_run_seq8
                0x22027f64       0x4c /Users/gigass/DEVELOP/GitHub/CrazyPod/Rockbox-UI-UX-Overhaul/build-bootloader-ipod6g/firmware/libfirmware.a(lcd-s5l8702.o)
 .text.lcd_init_device
                0x22027fb0      0x114 /Users/gigass/DEVELOP/GitHub/CrazyPod/Rockbox-UI-UX-Overhaul/build-bootloader-ipod6g/firmware/libfirmware.a(lcd-s5l8702.o)
                0x22027fb0                lcd_init_device
 .text.usb_no_host_callback
                0x220280c4       0x20 /Users/gigass/DEVELOP/GitHub/CrazyPod/Rockbox-UI-UX-Overhaul/build-bootloader-ipod6g/firmware/libfirmware.a(usb_core.o)
 .text.init_deinit_endpoints
                0x220280e4       0xc0 /Users/gigass/DEVELOP/GitHub/CrazyPod/Rockbox-UI-UX-Overhaul/build-bootloader-ipod6g/firmware/libfirmware.a(usb_core.o)
 .text.control_request_handler_drivers
                0x220281a4      0x120 /Users/gigass/DEVELOP/GitHub/CrazyPod/Rockbox-UI-UX-Overhaul/build-bootloader-ipod6g/firmware/libfirmware.a(usb_core.o)
 .text.request_handler_endpoint_drivers
                0x220282c4       0x7c /Users/gigass/DEVELOP/GitHub/CrazyPod/Rockbox-UI-UX-Overhaul/build-bootloader-ipod6g/firmware/libfirmware.a(usb_core.o)
 .text.usb_core_init
                0x22028340       0x94 /Users/gigass/DEVELOP/GitHub/CrazyPod/Rockbox-UI-UX-Overhaul/build-bootloader-ipod6g/firmware/libfirmware.a(usb_core.o)
                0x22028340                usb_core_init
 .text.usb_core_enable_driver
                0x220283d4       0x10 /Users/gigass/DEVELOP/GitHub/CrazyPod/Rockbox-UI-UX-Overhaul/build-bootloader-ipod6g/firmware/libfirmware.a(usb_core.o)
                0x220283d4                usb_core_enable_driver
 .text.usb_core_bus_reset
                0x220283e4       0x4c /Users/gigass/DEVELOP/GitHub/CrazyPod/Rockbox-UI-UX-Overhaul/build-bootloader-ipod6g/firmware/libfirmware.a(usb_core.o)
                0x220283e4                usb_core_bus_reset
 .text.usb_core_transfer_complete
                0x22028430       0x90 /Users/gigass/DEVELOP/GitHub/CrazyPod/Rockbox-UI-UX-Overhaul/build-bootloader-ipod6g/firmware/libfirmware.a(usb_core.o)
                0x22028430                usb_core_transfer_complete
 .text.usb_core_control_request
                0x220284c0       0x2c /Users/gigass/DEVELOP/GitHub/CrazyPod/Rockbox-UI-UX-Overhaul/build-bootloader-ipod6g/firmware/libfirmware.a(usb_core.o)
                0x220284c0                usb_core_control_request
 .text.usb_core_control_complete
                0x220284ec        0x4 /Users/gigass/DEVELOP/GitHub/CrazyPod/Rockbox-UI-UX-Overhaul/build-bootloader-ipod6g/firmware/libfirmware.a(usb_core.o)
                0x220284ec                usb_core_control_complete
 .text.usb_charging_maxcurrent
                0x220284f0       0x78 /Users/gigass/DEVELOP/GitHub/CrazyPod/Rockbox-UI-UX-Overhaul/build-bootloader-ipod6g/firmware/libfirmware.a(usb_core.o)
                0x220284f0                usb_charging_maxcurrent
 .text.usb_core_do_set_config
                0x22028568      0x124 /Users/gigass/DEVELOP/GitHub/CrazyPod/Rockbox-UI-UX-Overhaul/build-bootloader-ipod6g/firmware/libfirmware.a(usb_core.o)
 .text.usb_core_exit
                0x2202868c       0x54 /Users/gigass/DEVELOP/GitHub/CrazyPod/Rockbox-UI-UX-Overhaul/build-bootloader-ipod6g/firmware/libfirmware.a(usb_core.o)
                0x2202868c                usb_core_exit
 .text.usb_core_handle_transfer_completion
                0x220286e0      0x838 /Users/gigass/DEVELOP/GitHub/CrazyPod/Rockbox-UI-UX-Overhaul/build-bootloader-ipod6g/firmware/libfirmware.a(usb_core.o)
                0x220286e0                usb_core_handle_transfer_completion
 .text.usb_core_handle_notify
                0x22028f18       0xb8 /Users/gigass/DEVELOP/GitHub/CrazyPod/Rockbox-UI-UX-Overhaul/build-bootloader-ipod6g/firmware/libfirmware.a(usb_core.o)
                0x22028f18                usb_core_handle_notify
 .text.usb_charging_enable
                0x22028fd0       0x1c /Users/gigass/DEVELOP/GitHub/CrazyPod/Rockbox-UI-UX-Overhaul/build-bootloader-ipod6g/firmware/libfirmware.a(usb_core.o)
                0x22028fd0                usb_charging_enable
 .text.copy_padded
                0x22028fec       0x30 /Users/gigass/DEVELOP/GitHub/CrazyPod/Rockbox-UI-UX-Overhaul/build-bootloader-ipod6g/firmware/libfirmware.a(usb_storage.o)
 .text.send_command_result
                0x2202901c       0x30 /Users/gigass/DEVELOP/GitHub/CrazyPod/Rockbox-UI-UX-Overhaul/build-bootloader-ipod6g/firmware/libfirmware.a(usb_storage.o)
 .text.send_command_failed_result
                0x2202904c       0x30 /Users/gigass/DEVELOP/GitHub/CrazyPod/Rockbox-UI-UX-Overhaul/build-bootloader-ipod6g/firmware/libfirmware.a(usb_storage.o)
 .text.send_and_read_next
                0x2202907c       0xbc /Users/gigass/DEVELOP/GitHub/CrazyPod/Rockbox-UI-UX-Overhaul/build-bootloader-ipod6g/firmware/libfirmware.a(usb_storage.o)
 .text.send_csw
                0x22029138       0xd0 /Users/gigass/DEVELOP/GitHub/CrazyPod/Rockbox-UI-UX-Overhaul/build-bootloader-ipod6g/firmware/libfirmware.a(usb_storage.o)
 .text.usb_storage_send_smart
                0x22029208       0x5c /Users/gigass/DEVELOP/GitHub/CrazyPod/Rockbox-UI-UX-Overhaul/build-bootloader-ipod6g/firmware/libfirmware.a(usb_storage.o)
 .text.usb_storage_send_ata_identify
                0x22029264       0x80 /Users/gigass/DEVELOP/GitHub/CrazyPod/Rockbox-UI-UX-Overhaul/build-bootloader-ipod6g/firmware/libfirmware.a(usb_storage.o)
 .text.handle_scsi
                0x220292e4      0xba8 /Users/gigass/DEVELOP/GitHub/CrazyPod/Rockbox-UI-UX-Overhaul/build-bootloader-ipod6g/firmware/libfirmware.a(usb_storage.o)
 .text.usb_storage_init
                0x22029e8c        0x4 /Users/gigass/DEVELOP/GitHub/CrazyPod/Rockbox-UI-UX-Overhaul/build-bootloader-ipod6g/firmware/libfirmware.a(usb_storage.o)
                0x22029e8c                usb_storage_init
 .text.usb_storage_set_first_interface
                0x22029e90       0x14 /Users/gigass/DEVELOP/GitHub/CrazyPod/Rockbox-UI-UX-Overhaul/build-bootloader-ipod6g/firmware/libfirmware.a(usb_storage.o)
                0x22029e90                usb_storage_set_first_interface
 .text.usb_storage_get_config_descriptor
                0x22029ea4       0x78 /Users/gigass/DEVELOP/GitHub/CrazyPod/Rockbox-UI-UX-Overhaul/build-bootloader-ipod6g/firmware/libfirmware.a(usb_storage.o)
                0x22029ea4                usb_storage_get_config_descriptor
 .text.usb_storage_init_connection
                0x22029f1c       0x74 /Users/gigass/DEVELOP/GitHub/CrazyPod/Rockbox-UI-UX-Overhaul/build-bootloader-ipod6g/firmware/libfirmware.a(usb_storage.o)
                0x22029f1c                usb_storage_init_connection
 .text.usb_storage_disconnect
                0x22029f90        0x4 /Users/gigass/DEVELOP/GitHub/CrazyPod/Rockbox-UI-UX-Overhaul/build-bootloader-ipod6g/firmware/libfirmware.a(usb_storage.o)
                0x22029f90                usb_storage_disconnect
 .text.usb_storage_transfer_complete
                0x22029f94      0x304 /Users/gigass/DEVELOP/GitHub/CrazyPod/Rockbox-UI-UX-Overhaul/build-bootloader-ipod6g/firmware/libfirmware.a(usb_storage.o)
                0x22029f94                usb_storage_transfer_complete
 .text.usb_storage_control_request
                0x2202a298       0x54 /Users/gigass/DEVELOP/GitHub/CrazyPod/Rockbox-UI-UX-Overhaul/build-bootloader-ipod6g/firmware/libfirmware.a(usb_storage.o)
                0x2202a298                usb_storage_control_request
 .text.udelay   0x2202a2ec       0x20 /Users/gigass/DEVELOP/GitHub/CrazyPod/Rockbox-UI-UX-Overhaul/build-bootloader-ipod6g/firmware/libfirmware.a(usb-designware.o)
 .text.usb_dw_wait_for_ahb_idle
                0x2202a30c       0x14 /Users/gigass/DEVELOP/GitHub/CrazyPod/Rockbox-UI-UX-Overhaul/build-bootloader-ipod6g/firmware/libfirmware.a(usb-designware.o)
 .text.usb_dw_ep0_recv
                0x2202a320       0x2c /Users/gigass/DEVELOP/GitHub/CrazyPod/Rockbox-UI-UX-Overhaul/build-bootloader-ipod6g/firmware/libfirmware.a(usb-designware.o)
 .text.usb_dw_disable_ep
                0x2202a34c       0x90 /Users/gigass/DEVELOP/GitHub/CrazyPod/Rockbox-UI-UX-Overhaul/build-bootloader-ipod6g/firmware/libfirmware.a(usb-designware.o)
 .text.usb_dw_flush_endpoint
                0x2202a3dc      0x1ac /Users/gigass/DEVELOP/GitHub/CrazyPod/Rockbox-UI-UX-Overhaul/build-bootloader-ipod6g/firmware/libfirmware.a(usb-designware.o)
 .text.usb_dw_abort_endpoint
                0x2202a588       0x54 /Users/gigass/DEVELOP/GitHub/CrazyPod/Rockbox-UI-UX-Overhaul/build-bootloader-ipod6g/firmware/libfirmware.a(usb-designware.o)
 .text.usb_dw_unconfigure_ep
                0x2202a5dc       0x5c /Users/gigass/DEVELOP/GitHub/CrazyPod/Rockbox-UI-UX-Overhaul/build-bootloader-ipod6g/firmware/libfirmware.a(usb-designware.o)
 .text.usb_dw_reset_endpoints
                0x2202a638       0xbc /Users/gigass/DEVELOP/GitHub/CrazyPod/Rockbox-UI-UX-Overhaul/build-bootloader-ipod6g/firmware/libfirmware.a(usb-designware.o)
 .text.usb_dw_control_received
                0x2202a6f4       0xf4 /Users/gigass/DEVELOP/GitHub/CrazyPod/Rockbox-UI-UX-Overhaul/build-bootloader-ipod6g/firmware/libfirmware.a(usb-designware.o)
 .text.usb_dw_maxxfersize.part.0
                0x2202a7e8       0x54 /Users/gigass/DEVELOP/GitHub/CrazyPod/Rockbox-UI-UX-Overhaul/build-bootloader-ipod6g/firmware/libfirmware.a(usb-designware.o)
 .text.usb_dw_epstart
                0x2202a83c      0x178 /Users/gigass/DEVELOP/GitHub/CrazyPod/Rockbox-UI-UX-Overhaul/build-bootloader-ipod6g/firmware/libfirmware.a(usb-designware.o)
 .text.usb_dw_handle_xfer_complete
                0x2202a9b4      0x280 /Users/gigass/DEVELOP/GitHub/CrazyPod/Rockbox-UI-UX-Overhaul/build-bootloader-ipod6g/firmware/libfirmware.a(usb-designware.o)
 .text.usb_drv_cancel_all_transfers
                0x2202ac34       0x94 /Users/gigass/DEVELOP/GitHub/CrazyPod/Rockbox-UI-UX-Overhaul/build-bootloader-ipod6g/firmware/libfirmware.a(usb-designware.o)
                0x2202ac34                usb_drv_cancel_all_transfers
 .text.usb_drv_stalled
                0x2202acc8       0x2c /Users/gigass/DEVELOP/GitHub/CrazyPod/Rockbox-UI-UX-Overhaul/build-bootloader-ipod6g/firmware/libfirmware.a(usb-designware.o)
                0x2202acc8                usb_drv_stalled
 .text.usb_drv_stall
                0x2202acf4       0x50 /Users/gigass/DEVELOP/GitHub/CrazyPod/Rockbox-UI-UX-Overhaul/build-bootloader-ipod6g/firmware/libfirmware.a(usb-designware.o)
                0x2202acf4                usb_drv_stall
 .text.usb_drv_set_address
                0x2202ad44        0x4 /Users/gigass/DEVELOP/GitHub/CrazyPod/Rockbox-UI-UX-Overhaul/build-bootloader-ipod6g/firmware/libfirmware.a(usb-designware.o)
                0x2202ad44                usb_drv_set_address
 .text.usb_drv_port_speed
                0x2202ad48       0x18 /Users/gigass/DEVELOP/GitHub/CrazyPod/Rockbox-UI-UX-Overhaul/build-bootloader-ipod6g/firmware/libfirmware.a(usb-designware.o)
                0x2202ad48                usb_drv_port_speed
 .text.usb_drv_set_test_mode
                0x2202ad60        0x4 /Users/gigass/DEVELOP/GitHub/CrazyPod/Rockbox-UI-UX-Overhaul/build-bootloader-ipod6g/firmware/libfirmware.a(usb-designware.o)
                0x2202ad60                usb_drv_set_test_mode
 .text.usb_attach
                0x2202ad64        0x4 /Users/gigass/DEVELOP/GitHub/CrazyPod/Rockbox-UI-UX-Overhaul/build-bootloader-ipod6g/firmware/libfirmware.a(usb-designware.o)
                0x2202ad64                usb_attach
 .text.usb_drv_init
                0x2202ad68      0x324 /Users/gigass/DEVELOP/GitHub/CrazyPod/Rockbox-UI-UX-Overhaul/build-bootloader-ipod6g/firmware/libfirmware.a(usb-designware.o)
                0x2202ad68                usb_drv_init
 .text.usb_drv_exit
                0x2202b08c       0x2c /Users/gigass/DEVELOP/GitHub/CrazyPod/Rockbox-UI-UX-Overhaul/build-bootloader-ipod6g/firmware/libfirmware.a(usb-designware.o)
                0x2202b08c                usb_drv_exit
 .text.INT_USB_FUNC
                0x2202b0b8      0x1f8 /Users/gigass/DEVELOP/GitHub/CrazyPod/Rockbox-UI-UX-Overhaul/build-bootloader-ipod6g/firmware/libfirmware.a(usb-designware.o)
                0x2202b0b8                INT_USB_FUNC
 .text.usb_drv_init_endpoint
                0x2202b2b0       0xf0 /Users/gigass/DEVELOP/GitHub/CrazyPod/Rockbox-UI-UX-Overhaul/build-bootloader-ipod6g/firmware/libfirmware.a(usb-designware.o)
                0x2202b2b0                usb_drv_init_endpoint
 .text.usb_drv_deinit_endpoint
                0x2202b3a0       0x50 /Users/gigass/DEVELOP/GitHub/CrazyPod/Rockbox-UI-UX-Overhaul/build-bootloader-ipod6g/firmware/libfirmware.a(usb-designware.o)
                0x2202b3a0                usb_drv_deinit_endpoint
 .text.usb_drv_recv_nonblocking
                0x2202b3f0       0x4c /Users/gigass/DEVELOP/GitHub/CrazyPod/Rockbox-UI-UX-Overhaul/build-bootloader-ipod6g/firmware/libfirmware.a(usb-designware.o)
                0x2202b3f0                usb_drv_recv_nonblocking
 .text.usb_drv_send_nonblocking
                0x2202b43c       0x4c /Users/gigass/DEVELOP/GitHub/CrazyPod/Rockbox-UI-UX-Overhaul/build-bootloader-ipod6g/firmware/libfirmware.a(usb-designware.o)
                0x2202b43c                usb_drv_send_nonblocking
 .text.usb_drv_control_response
                0x2202b488      0x148 /Users/gigass/DEVELOP/GitHub/CrazyPod/Rockbox-UI-UX-Overhaul/build-bootloader-ipod6g/firmware/libfirmware.a(usb-designware.o)
                0x2202b488                usb_drv_control_response
 .text.lcd_target_get_info
                0x2202b5d0       0x28 /Users/gigass/DEVELOP/GitHub/CrazyPod/Rockbox-UI-UX-Overhaul/build-bootloader-ipod6g/firmware/libfirmware.a(lcd-6g.o)
                0x2202b5d0                lcd_target_get_info
 .text.backlight_hw_brightness
                0x2202b5f8        0xc /Users/gigass/DEVELOP/GitHub/CrazyPod/Rockbox-UI-UX-Overhaul/build-bootloader-ipod6g/firmware/libfirmware.a(backlight-6g.o)
                0x2202b5f8                backlight_hw_brightness
 .text.backlight_hw_on
                0x2202b604        0xc /Users/gigass/DEVELOP/GitHub/CrazyPod/Rockbox-UI-UX-Overhaul/build-bootloader-ipod6g/firmware/libfirmware.a(backlight-6g.o)
                0x2202b604                backlight_hw_on
 .text.backlight_hw_init
                0x2202b610       0x30 /Users/gigass/DEVELOP/GitHub/CrazyPod/Rockbox-UI-UX-Overhaul/build-bootloader-ipod6g/firmware/libfirmware.a(backlight-6g.o)
                0x2202b610                backlight_hw_init
 .text.pmu_eint_isr
                0x2202b640       0x20 /Users/gigass/DEVELOP/GitHub/CrazyPod/Rockbox-UI-UX-Overhaul/build-bootloader-ipod6g/firmware/libfirmware.a(pmu-6g.o)
 .text.pmu_read_multiple
                0x2202b660       0x24 /Users/gigass/DEVELOP/GitHub/CrazyPod/Rockbox-UI-UX-Overhaul/build-bootloader-ipod6g/firmware/libfirmware.a(pmu-6g.o)
                0x2202b660                pmu_read_multiple
 .text.pmu_write_multiple
                0x2202b684       0x24 /Users/gigass/DEVELOP/GitHub/CrazyPod/Rockbox-UI-UX-Overhaul/build-bootloader-ipod6g/firmware/libfirmware.a(pmu-6g.o)
                0x2202b684                pmu_write_multiple
 .text.pmu_read
                0x2202b6a8       0x1c /Users/gigass/DEVELOP/GitHub/CrazyPod/Rockbox-UI-UX-Overhaul/build-bootloader-ipod6g/firmware/libfirmware.a(pmu-6g.o)
                0x2202b6a8                pmu_read
 .text.pmu_read_inputs_mbcs
                0x2202b6c4       0x24 /Users/gigass/DEVELOP/GitHub/CrazyPod/Rockbox-UI-UX-Overhaul/build-bootloader-ipod6g/firmware/libfirmware.a(pmu-6g.o)
 .text.pmu_read_inputs_ooc
                0x2202b6e8       0x24 /Users/gigass/DEVELOP/GitHub/CrazyPod/Rockbox-UI-UX-Overhaul/build-bootloader-ipod6g/firmware/libfirmware.a(pmu-6g.o)
 .text.pmu_read_inputs_gpio
                0x2202b70c       0x28 /Users/gigass/DEVELOP/GitHub/CrazyPod/Rockbox-UI-UX-Overhaul/build-bootloader-ipod6g/firmware/libfirmware.a(pmu-6g.o)
 .text.pmu_thread
                0x2202b734       0x94 /Users/gigass/DEVELOP/GitHub/CrazyPod/Rockbox-UI-UX-Overhaul/build-bootloader-ipod6g/firmware/libfirmware.a(pmu-6g.o)
 .text.pmu_write
                0x2202b7c8       0x1c /Users/gigass/DEVELOP/GitHub/CrazyPod/Rockbox-UI-UX-Overhaul/build-bootloader-ipod6g/firmware/libfirmware.a(pmu-6g.o)
                0x2202b7c8                pmu_write
 .text.pmu_hdd_power
                0x2202b7e4        0xc /Users/gigass/DEVELOP/GitHub/CrazyPod/Rockbox-UI-UX-Overhaul/build-bootloader-ipod6g/firmware/libfirmware.a(pmu-6g.o)
                0x2202b7e4                pmu_hdd_power
 .text.pmu_set_wake_condition
                0x2202b7f0        0xc /Users/gigass/DEVELOP/GitHub/CrazyPod/Rockbox-UI-UX-Overhaul/build-bootloader-ipod6g/firmware/libfirmware.a(pmu-6g.o)
                0x2202b7f0                pmu_set_wake_condition
 .text.pmu_enter_standby
                0x2202b7fc        0xc /Users/gigass/DEVELOP/GitHub/CrazyPod/Rockbox-UI-UX-Overhaul/build-bootloader-ipod6g/firmware/libfirmware.a(pmu-6g.o)
                0x2202b7fc                pmu_enter_standby
 .text.pmu_read_rtc
                0x2202b808       0x10 /Users/gigass/DEVELOP/GitHub/CrazyPod/Rockbox-UI-UX-Overhaul/build-bootloader-ipod6g/firmware/libfirmware.a(pmu-6g.o)
                0x2202b808                pmu_read_rtc
 .text.pmu_write_rtc
                0x2202b818       0x10 /Users/gigass/DEVELOP/GitHub/CrazyPod/Rockbox-UI-UX-Overhaul/build-bootloader-ipod6g/firmware/libfirmware.a(pmu-6g.o)
                0x2202b818                pmu_write_rtc
 .text.pmu_adc_raw2mv
                0x2202b828       0xbc /Users/gigass/DEVELOP/GitHub/CrazyPod/Rockbox-UI-UX-Overhaul/build-bootloader-ipod6g/firmware/libfirmware.a(pmu-6g.o)
                0x2202b828                pmu_adc_raw2mv
 .text.pmu_read_adc
                0x2202b8e4       0xa0 /Users/gigass/DEVELOP/GitHub/CrazyPod/Rockbox-UI-UX-Overhaul/build-bootloader-ipod6g/firmware/libfirmware.a(pmu-6g.o)
                0x2202b8e4                pmu_read_adc
 .text.pmu_holdswitch_locked
                0x2202b984       0x10 /Users/gigass/DEVELOP/GitHub/CrazyPod/Rockbox-UI-UX-Overhaul/build-bootloader-ipod6g/firmware/libfirmware.a(pmu-6g.o)
                0x2202b984                pmu_holdswitch_locked
 .text.pmu_firewire_present
                0x2202b994       0x10 /Users/gigass/DEVELOP/GitHub/CrazyPod/Rockbox-UI-UX-Overhaul/build-bootloader-ipod6g/firmware/libfirmware.a(pmu-6g.o)
                0x2202b994                pmu_firewire_present
 .text.pmu_init
                0x2202b9a4       0xd4 /Users/gigass/DEVELOP/GitHub/CrazyPod/Rockbox-UI-UX-Overhaul/build-bootloader-ipod6g/firmware/libfirmware.a(pmu-6g.o)
                0x2202b9a4                pmu_init
 .text.pmu_rd_multiple
                0x2202ba78       0x24 /Users/gigass/DEVELOP/GitHub/CrazyPod/Rockbox-UI-UX-Overhaul/build-bootloader-ipod6g/firmware/libfirmware.a(pmu-6g.o)
                0x2202ba78                pmu_rd_multiple
 .text.pmu_wr_multiple
                0x2202ba9c       0x24 /Users/gigass/DEVELOP/GitHub/CrazyPod/Rockbox-UI-UX-Overhaul/build-bootloader-ipod6g/firmware/libfirmware.a(pmu-6g.o)
                0x2202ba9c                pmu_wr_multiple
 .text.pmu_rd   0x2202bac0       0x1c /Users/gigass/DEVELOP/GitHub/CrazyPod/Rockbox-UI-UX-Overhaul/build-bootloader-ipod6g/firmware/libfirmware.a(pmu-6g.o)
                0x2202bac0                pmu_rd
 .text.pmu_wr   0x2202badc       0x1c /Users/gigass/DEVELOP/GitHub/CrazyPod/Rockbox-UI-UX-Overhaul/build-bootloader-ipod6g/firmware/libfirmware.a(pmu-6g.o)
                0x2202badc                pmu_wr
 .text.pmu_preinit
                0x2202baf8       0x48 /Users/gigass/DEVELOP/GitHub/CrazyPod/Rockbox-UI-UX-Overhaul/build-bootloader-ipod6g/firmware/libfirmware.a(pmu-6g.o)
                0x2202baf8                pmu_preinit
 .text.pmu_is_hibernated
                0x2202bb40       0x2c /Users/gigass/DEVELOP/GitHub/CrazyPod/Rockbox-UI-UX-Overhaul/build-bootloader-ipod6g/firmware/libfirmware.a(pmu-6g.o)
                0x2202bb40                pmu_is_hibernated
 .text._battery_voltage
                0x2202bb6c        0x4 /Users/gigass/DEVELOP/GitHub/CrazyPod/Rockbox-UI-UX-Overhaul/build-bootloader-ipod6g/firmware/libfirmware.a(powermgmt-6g.o)
                0x2202bb6c                _battery_voltage
 .text.power_off
                0x2202bb70       0x14 /Users/gigass/DEVELOP/GitHub/CrazyPod/Rockbox-UI-UX-Overhaul/build-bootloader-ipod6g/firmware/libfirmware.a(power-6g.o)
                0x2202bb70                power_off
 .text.power_init
                0x2202bb84       0x5c /Users/gigass/DEVELOP/GitHub/CrazyPod/Rockbox-UI-UX-Overhaul/build-bootloader-ipod6g/firmware/libfirmware.a(power-6g.o)
                0x2202bb84                power_init
 .text.ide_power_enable
                0x2202bbe0       0x10 /Users/gigass/DEVELOP/GitHub/CrazyPod/Rockbox-UI-UX-Overhaul/build-bootloader-ipod6g/firmware/libfirmware.a(power-6g.o)
                0x2202bbe0                ide_power_enable
 .text.ide_powered
                0x2202bbf0       0x18 /Users/gigass/DEVELOP/GitHub/CrazyPod/Rockbox-UI-UX-Overhaul/build-bootloader-ipod6g/firmware/libfirmware.a(power-6g.o)
                0x2202bbf0                ide_powered
 .text.usb_charging_maxcurrent_change
                0x2202bc08       0x50 /Users/gigass/DEVELOP/GitHub/CrazyPod/Rockbox-UI-UX-Overhaul/build-bootloader-ipod6g/firmware/libfirmware.a(power-6g.o)
                0x2202bc08                usb_charging_maxcurrent_change
 .text.power_input_status
                0x2202bc58       0x28 /Users/gigass/DEVELOP/GitHub/CrazyPod/Rockbox-UI-UX-Overhaul/build-bootloader-ipod6g/firmware/libfirmware.a(power-6g.o)
                0x2202bc58                power_input_status
 .text.udelay   0x2202bc80       0x20 /Users/gigass/DEVELOP/GitHub/CrazyPod/Rockbox-UI-UX-Overhaul/build-bootloader-ipod6g/firmware/libfirmware.a(storage_ata-6g.o)
 .text.ata_disk_isssd
                0x2202bca0       0x68 /Users/gigass/DEVELOP/GitHub/CrazyPod/Rockbox-UI-UX-Overhaul/build-bootloader-ipod6g/firmware/libfirmware.a(storage_ata-6g.o)
 .text.ata_read_cbr
                0x2202bd08       0x40 /Users/gigass/DEVELOP/GitHub/CrazyPod/Rockbox-UI-UX-Overhaul/build-bootloader-ipod6g/firmware/libfirmware.a(storage_ata-6g.o)
 .text.ata_write_cbr
                0x2202bd48       0x1c /Users/gigass/DEVELOP/GitHub/CrazyPod/Rockbox-UI-UX-Overhaul/build-bootloader-ipod6g/firmware/libfirmware.a(storage_ata-6g.o)
 .text.mmc_dsta_check_data_success
                0x2202bd64       0x78 /Users/gigass/DEVELOP/GitHub/CrazyPod/Rockbox-UI-UX-Overhaul/build-bootloader-ipod6g/firmware/libfirmware.a(storage_ata-6g.o)
 .text.ata_set_active
                0x2202bddc       0x1c /Users/gigass/DEVELOP/GitHub/CrazyPod/Rockbox-UI-UX-Overhaul/build-bootloader-ipod6g/firmware/libfirmware.a(storage_ata-6g.o)
 .text.ata_wait_for_not_bsy
                0x2202bdf8       0x50 /Users/gigass/DEVELOP/GitHub/CrazyPod/Rockbox-UI-UX-Overhaul/build-bootloader-ipod6g/firmware/libfirmware.a(storage_ata-6g.o)
 .text.ata_wait_for_rdy
                0x2202be48       0x5c /Users/gigass/DEVELOP/GitHub/CrazyPod/Rockbox-UI-UX-Overhaul/build-bootloader-ipod6g/firmware/libfirmware.a(storage_ata-6g.o)
 .text.ata_wait_for_start_of_transfer
                0x2202bea4       0x70 /Users/gigass/DEVELOP/GitHub/CrazyPod/Rockbox-UI-UX-Overhaul/build-bootloader-ipod6g/firmware/libfirmware.a(storage_ata-6g.o)
 .text.mmc_discard_irq
                0x2202bf14       0x20 /Users/gigass/DEVELOP/GitHub/CrazyPod/Rockbox-UI-UX-Overhaul/build-bootloader-ipod6g/firmware/libfirmware.a(storage_ata-6g.o)
 .text.ata_power_down
                0x2202bf34       0x5c /Users/gigass/DEVELOP/GitHub/CrazyPod/Rockbox-UI-UX-Overhaul/build-bootloader-ipod6g/firmware/libfirmware.a(storage_ata-6g.o)
 .text.mmc_send_command.constprop.0.isra.0
                0x2202bf90      0x1a0 /Users/gigass/DEVELOP/GitHub/CrazyPod/Rockbox-UI-UX-Overhaul/build-bootloader-ipod6g/firmware/libfirmware.a(storage_ata-6g.o)
 .text.ceata_write_multiple_register.constprop.0
                0x2202c130       0xcc /Users/gigass/DEVELOP/GitHub/CrazyPod/Rockbox-UI-UX-Overhaul/build-bootloader-ipod6g/firmware/libfirmware.a(storage_ata-6g.o)
 .text.mmc_fastio_read.isra.0
                0x2202c1fc       0x18 /Users/gigass/DEVELOP/GitHub/CrazyPod/Rockbox-UI-UX-Overhaul/build-bootloader-ipod6g/firmware/libfirmware.a(storage_ata-6g.o)
 .text.ceata_check_error
                0x2202c214       0x3c /Users/gigass/DEVELOP/GitHub/CrazyPod/Rockbox-UI-UX-Overhaul/build-bootloader-ipod6g/firmware/libfirmware.a(storage_ata-6g.o)
 .text.ceata_wait_idle
                0x2202c250       0x58 /Users/gigass/DEVELOP/GitHub/CrazyPod/Rockbox-UI-UX-Overhaul/build-bootloader-ipod6g/firmware/libfirmware.a(storage_ata-6g.o)
 .text.ceata_cancel_command
                0x2202c2a8       0x6c /Users/gigass/DEVELOP/GitHub/CrazyPod/Rockbox-UI-UX-Overhaul/build-bootloader-ipod6g/firmware/libfirmware.a(storage_ata-6g.o)
 .text.ceata_rw_multiple_block.constprop.0
                0x2202c314       0xf8 /Users/gigass/DEVELOP/GitHub/CrazyPod/Rockbox-UI-UX-Overhaul/build-bootloader-ipod6g/firmware/libfirmware.a(storage_ata-6g.o)
 .text.ata_set_feature
                0x2202c40c       0xf4 /Users/gigass/DEVELOP/GitHub/CrazyPod/Rockbox-UI-UX-Overhaul/build-bootloader-ipod6g/firmware/libfirmware.a(storage_ata-6g.o)
 .text.ata_rw_chunk_internal
                0x2202c500      0x458 /Users/gigass/DEVELOP/GitHub/CrazyPod/Rockbox-UI-UX-Overhaul/build-bootloader-ipod6g/firmware/libfirmware.a(storage_ata-6g.o)
 .text.ata_flush_cache
                0x2202c958       0xe0 /Users/gigass/DEVELOP/GitHub/CrazyPod/Rockbox-UI-UX-Overhaul/build-bootloader-ipod6g/firmware/libfirmware.a(storage_ata-6g.o)
 .text.ata_identify.constprop.0
                0x2202ca38       0xf4 /Users/gigass/DEVELOP/GitHub/CrazyPod/Rockbox-UI-UX-Overhaul/build-bootloader-ipod6g/firmware/libfirmware.a(storage_ata-6g.o)
 .text.ceata_soft_reset
                0x2202cb2c       0x94 /Users/gigass/DEVELOP/GitHub/CrazyPod/Rockbox-UI-UX-Overhaul/build-bootloader-ipod6g/firmware/libfirmware.a(storage_ata-6g.o)
 .text.ata_power_up
                0x2202cbc0      0x718 /Users/gigass/DEVELOP/GitHub/CrazyPod/Rockbox-UI-UX-Overhaul/build-bootloader-ipod6g/firmware/libfirmware.a(storage_ata-6g.o)
 .text.ata_get_info
                0x2202d2d8       0xf8 /Users/gigass/DEVELOP/GitHub/CrazyPod/Rockbox-UI-UX-Overhaul/build-bootloader-ipod6g/firmware/libfirmware.a(storage_ata-6g.o)
                0x2202d2d8                ata_get_info
 .text.ata_set_phys_sector_mult
                0x2202d3d0       0x40 /Users/gigass/DEVELOP/GitHub/CrazyPod/Rockbox-UI-UX-Overhaul/build-bootloader-ipod6g/firmware/libfirmware.a(storage_ata-6g.o)
                0x2202d3d0                ata_set_phys_sector_mult
 .text.ata_disk_is_active
                0x2202d410       0x10 /Users/gigass/DEVELOP/GitHub/CrazyPod/Rockbox-UI-UX-Overhaul/build-bootloader-ipod6g/firmware/libfirmware.a(storage_ata-6g.o)
                0x2202d410                ata_disk_is_active
 .text.ata_soft_reset
                0x2202d420       0xac /Users/gigass/DEVELOP/GitHub/CrazyPod/Rockbox-UI-UX-Overhaul/build-bootloader-ipod6g/firmware/libfirmware.a(storage_ata-6g.o)
                0x2202d420                ata_soft_reset
 .text.ata_hard_reset
                0x2202d4cc       0x30 /Users/gigass/DEVELOP/GitHub/CrazyPod/Rockbox-UI-UX-Overhaul/build-bootloader-ipod6g/firmware/libfirmware.a(storage_ata-6g.o)
                0x2202d4cc                ata_hard_reset
 .text.ata_reset.isra.0
                0x2202d4fc       0x70 /Users/gigass/DEVELOP/GitHub/CrazyPod/Rockbox-UI-UX-Overhaul/build-bootloader-ipod6g/firmware/libfirmware.a(storage_ata-6g.o)
 .text.ata_transfer_sectors
                0x2202d56c      0x20c /Users/gigass/DEVELOP/GitHub/CrazyPod/Rockbox-UI-UX-Overhaul/build-bootloader-ipod6g/firmware/libfirmware.a(storage_ata-6g.o)
 .text.cache_sector
                0x2202d778       0x80 /Users/gigass/DEVELOP/GitHub/CrazyPod/Rockbox-UI-UX-Overhaul/build-bootloader-ipod6g/firmware/libfirmware.a(storage_ata-6g.o)
 .text.ata_read_sectors
                0x2202d7f8      0x14c /Users/gigass/DEVELOP/GitHub/CrazyPod/Rockbox-UI-UX-Overhaul/build-bootloader-ipod6g/firmware/libfirmware.a(storage_ata-6g.o)
                0x2202d7f8                ata_read_sectors
 .text.flush_current_sector
                0x2202d944       0x34 /Users/gigass/DEVELOP/GitHub/CrazyPod/Rockbox-UI-UX-Overhaul/build-bootloader-ipod6g/firmware/libfirmware.a(storage_ata-6g.o)
 .text.ata_write_sectors
                0x2202d978      0x174 /Users/gigass/DEVELOP/GitHub/CrazyPod/Rockbox-UI-UX-Overhaul/build-bootloader-ipod6g/firmware/libfirmware.a(storage_ata-6g.o)
                0x2202d978                ata_write_sectors
 .text.ata_get_phys_sector_mult.isra.0
                0x2202daec       0xf8 /Users/gigass/DEVELOP/GitHub/CrazyPod/Rockbox-UI-UX-Overhaul/build-bootloader-ipod6g/firmware/libfirmware.a(storage_ata-6g.o)
 .text.ata_sleepnow