365480 open-begin id=game2048 result=0 requested=4194304 js_used=0 external=0 core_free=44143924
366140 open-ok id=game2048 result=0 requested=4194304 js_used=502544 external=0 core_free=35755292
379680 close-begin id=game2048 result=0 requested=4194304 js_used=676152 external=0 core_free=35755292
380040 close-ok id=game2048 result=0 requested=4194304 js_used=0 external=0 core_free=44143920
32080 open-begin id=game2048 result=0 requested=4194304 js_used=0 external=0 core_free=43933748
32730 open-ok id=game2048 result=0 requested=4194304 js_used=502428 external=0 core_free=35545116
82180 close-begin id=game2048 result=0 requested=4194304 js_used=760244 external=0 core_free=35545116
82390 close-ok id=game2048 result=0 requested=4194304 js_used=0 external=0 core_free=43933744
85400 open-begin id=capability-lab result=0 requested=4194304 js_used=0 external=0 core_free=43933744
86240 open-ok id=capability-lab result=0 requested=4194304 js_used=580284 external=0 core_free=35545116
96030 close-begin id=capability-lab result=0 requested=4194304 js_used=675840 external=9472 core_free=35535608
96120 close-ok id=capability-lab result=0 requested=4194304 js_used=0 external=9472 core_free=43924232
97810 open-begin id=game2048 result=0 requested=4194304 js_used=0 external=0 core_free=43933740
98460 open-ok id=game2048 result=0 requested=4194304 js_used=502428 external=0 core_free=35545116
111990 close-begin id=game2048 result=0 requested=4194304 js_used=646016 external=0 core_free=35545116
112190 close-ok id=game2048 result=0 requested=4194304 js_used=0 external=0 core_free=43933744
113750 open-begin id=capability-lab result=0 requested=4194304 js_used=0 external=0 core_free=43933744
114590 open-ok id=capability-lab result=0 requested=4194304 js_used=580284 external=0 core_free=35545116
132710 close-begin id=capability-lab result=0 requested=4194304 js_used=747240 external=0 core_free=35545116
132810 close-ok id=capability-lab result=0 requested=4194304 js_used=0 external=0 core_free=43933744
135290 open-begin id=game2048 result=0 requested=4194304 js_used=0 external=0 core_free=43933744
135960 open-ok id=game2048 result=0 requested=4194304 js_used=502940 external=0 core_free=35545116
155420 close-begin id=game2048 result=0 requested=4194304 js_used=662292 external=0 core_free=35545116
155560 close-ok id=game2048 result=0 requested=4194304 js_used=0 external=0 core_free=43933744
157070 open-begin id=capability-lab result=0 requested=4194304 js_used=0 external=0 core_free=43933744
157910 open-ok id=capability-lab result=0 requested=4194304 js_used=580284 external=0 core_free=35545116
164720 close-begin id=capability-lab result=0 requested=4194304 js_used=582412 external=9472 core_free=35535608
164790 close-ok id=capability-lab result=0 requested=4194304 js_used=0 external=9472 core_free=43924232
