init_volume_names: vol<0> = <HDD0> 
Read metadata for /Music/test-media-archive/ThemeRegressionA/track-a.wav
Codec: calling entrypoint
Codec: entering run state
Read metadata for /Music/test-media-archive/ThemeRegressionB/track-b.wav
request_buffer error
Codec: cleaning up
Read metadata for /Music/test-media-archive/ThemeRegressionA/track-a.wav
Codec: calling entrypoint
Codec: entering run state
Codec: cleaning up
Read metadata for /Music/test-media-archive/ThemeRegressionB/track-b.wav
Read metadata for /Music/test-media-archive/ThemeRegressionA/track-a.wav
Codec: calling entrypoint
Codec: entering run state
Read metadata for /Music/test-media-archive/ThemeRegressionB/track-b.wav
Codec: cleaning up
Read metadata for /Music/test-media-archive/ThemeRegressionA/track-a.wav
Codec: calling entrypoint
Codec: entering run state
Read metadata for /Music/test-media-archive/ThemeRegressionB/track-b.wav
Codec: entering run state
Rockbox compiled with SDL 2.32.8 but running on SDL 2.32.8
SDL Audio Drivers supported:
   coreaudio 
   disk 
   dummy (active)
SDL Audio Devices present:
  'System audio output device'
